seqID	mt	X	Y	total_reads	gcc_reads
GLRGC0194	7810	637256	78736	25437186	25460298
GLRGC0384	4985	763277	89635	30784564	30892219
GLRHD0587	2657	800841	5545	16954910	16982260
GLRGC0347	2078	1090662	6683	22315615	22364449
GLRGC0277	2631	1645066	11377	34237522	34311835
GLRHD0436	561	1035150	6491	21989723	22055160
GLRHD0894	2171	1183114	7074	24117850	24189546
GLRGC0372	1375	656597	69867	25129880	25198433
GLRGC0442	3170	670377	75686	26878194	26895360
GLRGC0094	3433	706377	81845	27890055	27958806
GLRLC0047	5441	569868	67184	22831660	22872749
GLRLC0084	1472	537679	65798	21261088	21302890
GLRHD0508	1702	711322	85352	28446654	28481744
GLRGC0329	1695	652095	73183	26278002	26310386
GLRGC0208	5726	771608	86829	31476229	31475609
GLRHD0914	2005	1200928	7476	24801294	24840954
GLRHD0822	1903	526171	65153	20802918	20837080
GLRHD0904	3598	619182	70225	24798162	24842018
GLRHD0890	369	1543292	9665	31422970	31517236
GLRGC0398	2685	455649	53446	18109609	18145235
GLRHD0958	2960	1009118	123045	40420433	40493388
GLRGC0315	529	1175362	7383	24625057	24665159
GLRHD0648	7025	695014	74101	28326203	28351692
GLRGC0017	2186	762270	92235	30214087	30258111
GLGHD1003	23906	1293892	10382	26966204	26965469
GLRGC0135	7036	1011922	112995	39762869	39807883
GLRGC0161	1054	973536	7969	19794961	19806683
GLRGC0374	3215	1380745	7955	26928142	26972053
GLRHD0855	524	667438	78494	26956424	26983044
GLRHD0656	2467	1275090	7411	25135731	25192749
GLRBC0027	2283	1023855	6458	21074791	21120208
GLRHD0835	951	730121	89326	28931987	29012327
GLRHD0921	2920	1382269	7973	27726556	27824172
GLRHD0930	1058	960909	6623	20106541	20151631
GLRHD0517	2386	545218	59819	22395966	22458602
GLRGC0111	4088	647406	77297	25429755	25485423
GLRGC0270	1022	1733561	10130	34860803	34947114
GLRGC0255	2118	1152939	7319	22949561	22984687
GLRGC0227	1073	1057868	7173	22304158	22366610
GLRGC0225	1173	1427529	12447	29761223	29835602
GLRHD0687	1450	706139	83812	28230958	28266748
GLRGC0231	955	1799066	11926	37771032	37850857
GLRHD0871	1718	1491003	8747	30207664	30279691
GLRHD0738	1679	642697	76056	26091619	26137653
GLRHD0811	649	1315895	7607	25491334	25560130
GLRTC0010	4392	1189430	8123	24333907	24378166
GLRGC0483	3485	745931	90304	29379665	29455930
GLRHD0898	2747	618883	70313	25070295	25128631
GLRGC0420	915	924986	108811	37829738	37878110
GLRHD0826	1344	1176870	7356	23960499	24021026
GLRHD0337	1460	586233	68470	23416486	23476649
GLRGC0381	1464	664778	78316	26356479	26419717
GLRHD0881	1533	972624	6692	19458201	19529664
GLRHD0935	2772	1115795	6027	22875750	22934449
GLRHD0819	1559	538538	60302	21812177	21865152
GLRGC0009	1256	1446799	9503	29054012	29119943
GLRHD0632	1715	606742	70520	24421158	24459147
GLRGC0427	3482	1530836	11909	31295628	31320524
GLRHD0852	1835	1484495	11174	30912724	30971636
GLRGC0357	2742	1200243	7193	24476464	24506388
GLRHD0944	1627	733313	83926	29188234	29244319
GLRHD0831	522	1160409	8570	24422865	24490165
GLRGC0424	6451	803650	92257	31938663	32003202
GLRBC0044	584	1120600	6657	22748576	22792776
GLRHD0665	2036	642075	72717	25978502	26027554
GLRGC0181	1817	711602	79410	28263900	28343940
GLRHD0418	337	644238	79488	25705703	25746121
GLRHD0934	1422	598344	68378	24149920	24187736
GLRHD0644	753	1177860	7332	25230676	25286639
GLRTC0043	2467	1287267	8247	25757665	25820538
GLRGC0333	4871	1324286	11316	27250452	27252111
GLRCRC0070	2067	657690	73680	26280261	26320197
GLRGC0452	2940	999921	118199	39877003	40021618
GLRHD0557	2793	578447	66354	22834558	22873039
GLRGC0061	2910	578622	68060	22612878	22663050
GLRHD0929	480	602837	72249	24169491	24219007
GLRGC0441	3887	774160	88117	31129591	31188575
GLRGC0339	8158	1532859	11256	32971783	33030001
GLRGC0128	1795	677535	82232	26830002	26889350
GLRGC0065	1591	717645	84128	28485323	28542597
GLRHD0895	2178	984022	117559	38927290	38979223
GLRGCP0002	2635	589120	67643	23883908	23907746
GLRGC0296	2517	584510	68443	23140511	23171655
GLRGC0379	13287	833135	103544	33554719	33602054
GLRHD0696	2970	496222	57887	19949243	19992964
GLRGC0279	2894	566781	66135	22479636	22522648
GLRHD0931	1106	1393205	8082	28066404	28126155
GLRHD0093	1810	1285816	7794	27876102	27923650
GLRHD0609	2752	590539	72457	23522151	23580576
GLRLC0031	3486	526149	64802	21281152	21319900
GLRHD0762	763	607572	72084	24410387	24456635
GLRTC0032	1242	1361702	7646	27854814	27917687
GLMHD1031	721	1016127	6386	21248842	21297094
GLRHD0717	1406	1243735	7017	24957789	24994471
GLRHD0608	2740	858012	95304	34478355	34538081
GLRGC0429	2398	571961	67974	23064127	23100448
GLRGC0224	1031	503857	57950	19376646	19410097
GLRHD0511	2341	691745	82194	27867490	27891127
GLRHD0488	10144	1336214	7771	27260199	27324844
GLRHD0735	2582	1081975	7711	22888892	22925067
GLRHD0802	3449	538335	61651	21732855	21782474
GLRGC0203	505	701638	83224	27803490	27867802
GLRGC0260	5715	607555	65906	24461412	24510786
GLRGC0122	7181	734857	82580	29083398	29114707
GLRGC0132	2408	815026	95581	32591976	32689157
GLRGC0058	3100	612280	71240	24648827	24673786
GLRGC0006	1075	785912	92478	31302701	31351722
GLRHD0806	2726	685165	82808	26983399	27029813
GLRHD0625	976	1680473	19489	36165087	36198174
GLRHD0783	722	1676309	9262	34642430	34688331
GLRHD0658	3981	501715	60011	20072666	20114656
GLRHD0860	6029	842902	98952	34389977	34397773
GLRCRC0011	1246	631179	76546	25346068	25375175
GLRHD0825	1053	1226831	7547	24670715	24730221
GLRGC0283	779	1424691	12249	29300709	29353472
GLRHD0745	2331	539158	62600	21706783	21758763
GLRHD0772	1771	632316	74699	25474883	25514239
GLRGC0351	1663	1419859	8821	30183318	30221366
GLRHD0820	2097	600830	69399	24579044	24633996
GLRGC0423	1254	731956	84185	28940419	28989462
GLRGC0393	1956	2086604	14440	41926060	42027380
GLRHD0837	15444	3549539	25249	74735494	74801136
GLRGC0174	2679	537941	62294	20964125	21009429
GLRCRC0125	2907	793080	90974	32199898	32226763
GLRHD0838	2232	2216413	15391	46369514	46460868
GLRHD0880	849	1137099	6579	23824024	23860167
GLRGC0141	3031	631557	73681	25201810	25240070
GLRGC0419	873	721434	84175	29171070	29229548
CRLR0010	914	1017624	6012	20744880	20766558
GLRHD0827	3185	610199	69236	24701093	24750859
GLRHD0900	1251	1084142	8743	22542738	22572575
CRLG0009	41412	1704376	13724	39535213	39376463
GLRHD0899	3203	1203225	8163	24267524	24321167
GLRGC0447	10613	680899	80561	26966707	26990179
GLRHD0873	3248	1389300	8500	27334949	27412451
GLRCRC0050	2691	1260693	8965	26393482	26448489
GLRGC0463	3137	1482189	10247	32050703	32167654
GLRHD0697	1248	789881	91786	31248968	31320440
GLRHD0870	2957	736996	82337	29175903	29235891
GLRHD0653	2329	1172071	8190	23721029	23768403
GLRHD0484	1400	616067	72039	24516203	24575729
GLRHD0771	2170	1163655	8442	23414902	23464432
GLRGC0476	1896	835253	95870	33211644	33263327
GLRGC0438	6087	811125	95549	32337339	32376361
GLRGC0191	7123	702500	80659	27917812	27987452
GLRGC0460	3433	704661	76725	28087798	28122416
GLGHD1002	32216	1404922	11506	28295538	28291529
GLMHD1016	1324	963829	6007	19810566	19840268
GLRHD0892	7502	547761	62668	21797547	21849069
GLRHD0450	1860	1221655	6609	25446317	25486671
GLRHD0876	937	1021755	6802	21187475	21228017
GLRHD0538	1402	1255867	7225	25912063	25967934
GLRGC0012	2015	574398	69725	22972507	22997753
GLRGC0269	766	1202058	8008	24279990	24350640
GLRLC0068	1076	700532	80043	28120934	28176817
GLRHD0042	967	1118181	7532	23767840	23819991
GLRHD0883	1107	1072818	5636	21764982	21837130
GLRHD0741	2417	811370	101372	32574247	32602851
GLRGC0314	3894	1516444	11498	32337188	32371256
GLRHD0092	2343	586725	67972	23581097	23624996
GLRHD0727	3199	1188549	5292	23372405	23439278
GLRTC0035	3032	587231	69503	23454230	23486190
GLRHD0763	4161	559847	64293	22558032	22586986
GLRGC0392	4580	772251	90401	30395622	30464973
GLRBC0030	1242	1077859	6129	22749816	22808108
GLRGC0170	3333	1589009	12899	32546892	32622055
GLRHD0734	2158	1322463	7532	26519252	26562406
GLRGC0396	4283	1765092	12054	36303333	36419476
GLRGC0202	3295	823425	90166	33371366	33370385
GLRHD0940	1224	1293944	7442	26575541	26637965
GLRHD0628	898	634132	74444	25219808	25289655
GLRHD0780	4496	694678	77953	28026970	28076028
GLRHD0627	1763	1342735	8565	26684167	26744397
GLRHD0682	1217	591659	67833	23529084	23578193
GLRHD0882	696	692310	84688	27403552	27476755
GLRGC0163	2783	704047	81007	28535818	28545704
GLRHD0614	1480	743179	90300	29595228	29676044
GLRGC0343	3074	1375068	10156	28164935	28208571
GLRHD0933	3442	1218791	6816	24496518	24549669
GLRCRC0122	1497	1274421	7342	26289168	26336532
GLRGC0375	1904	463547	51036	17561414	17594918
GLRHD0884	2466	1026142	6915	21015976	21076214
GLRHD0777	1643	666586	74983	26177683	26263969
GLRGC0342	2695	632041	74146	24934395	25003790
GLRHD0746	755	690745	84235	27536030	27581628
GLRHD0666	1697	1328887	10414	27149445	27185375
GLRGC0299	7948	1049494	105086	43036679	43084866
GLRHD0868	472	736478	84142	29512399	29580709
GLRHD0655	1889	657313	75283	26171796	26269610
GLRHD0893	2540	1178792	6723	23734668	23774108
GLRHD0432	1017	680448	76845	26877928	26910523
GLRGC0308	2857	896391	103475	35969689	36019717
GLRHD0785	1180	1143073	7229	23786665	23848528
GLRHD0595	2540	588550	62634	23928809	23992542
GLRHD0509	3812	1421109	7739	29230534	29272904
GLRGC0322	2479	559837	66320	22334464	22371407
GLRGC0016	1410	561220	69587	22451646	22484920
GLRGC0368	6680	549076	66370	21898641	21904283
GLRGC0494	5229	707812	7251	15888964	15881378
GLRGC0461	8069	717015	79773	29072886	29135826
GLRGC0318	3577	710510	81636	28372548	28414627
GLRGC0481	3504	1857557	13846	38393123	38422906
GLRGC0062	2087	729846	84820	28607855	28666930
GLRGC0177	1036	740787	91071	29651361	29677734
GLRGC0145	5495	1366998	10675	28076294	28022058
GLRHD0091	1279	676740	78198	26747457	26793356
GLRHD0723	4206	1057050	8124	21641010	21693346
GLRGC0197	6443	1209470	7620	23625284	23669112
GLRBC0014	1505	1207022	8219	25400931	25470050
GLRGC0140	1624	523145	62754	20700674	20739725
GLRGC0059	1754	1153648	7023	23345750	23380455
GLRHD0657	1764	1524021	9486	30810957	30859964
GLRGC0400	5374	792358	91732	31730192	31774582
GLRGC0179	1058	1195622	8684	24614998	24666078
GLRGC0213	4488	1444282	8758	29280892	29366092
GLRHD0959	4536	1488620	10837	29246405	29303152
GLRGC0068	1513	669019	80048	26789014	26825613
GLRBC0001	562	1279567	8165	25995044	26054545
GLRGC0147	2233	1062144	6066	21138184	21179272
GLRGC0205	3459	812576	98132	32272149	32333626
CRLG0008	13978	563613	64361	24973185	24995191
CRLR0009	856	1621194	12744	33209484	33260649
GLRHD0646	2106	1041301	7007	21528894	21566659
GLRGC0430	4009	925911	97505	37803724	37835949
GLRHD0366	2146	444104	46567	18048727	18073895
GLRGC0268	1924	646002	74302	25897400	25926408
GLRHD0636	5218	621885	71402	24817569	24869221
GLRGC0258	699	1679045	11558	34856728	34890288
GLRGC0112	1929	489197	57225	19450351	19458596
GLMHD1038	23029	1445144	10776	30301004	30329291
GLRGCP0001	2109	1660097	13521	33989222	34091452
GLRHD0939	2099	1258168	7290	25251591	25317478
GLRHD0755	2192	726747	82067	29205746	29266141
GLRGC0245	1857	774437	90336	31184454	31234756
GLRGC0160	2333	1975220	12974	39230619	39314832
GLRGC0405	1239	1417335	8870	29088992	29136573
GLRHD0640	833	628045	74201	25126109	25175732
GLRGC0014	1096	1403789	10549	28730629	28766679
GLRHD0410	887	669755	79410	26628957	26681974
GLRGC0244	3558	709419	79150	28140342	28243486
GLRHD0139	5181	1326418	7222	28107609	28157377
GLRLC0054	3002	830749	6332	17188628	17235246
GLRHD0669	2246	616790	71414	24527923	24559549
GLRGC0069	2886	623895	72981	24154655	24233226
GLRGC0182	1812	602093	69731	23944416	23983544
GLRHD0752	2681	1100026	8493	22534581	22573175
GLRHD0859	7828	1365362	10751	29177858	29219969
GLRGC0361	579	777142	92285	31068808	31140611
GLRHD0798	1226	509492	59511	20544782	20593121
GLRGC0149	1494	616106	65917	24643187	24684285
GLRHD0814	2959	1802779	14460	37426002	37527090
GLRGC0278	1198	688627	76723	27079063	27159312
GLRGC0256	2227	616479	69873	24463538	24508149
GLRGC0328	1528	1008514	6394	21159841	21202892
GLRGC0311	1399	1535204	9004	30862649	30900741
GLRGC0148	2757	872209	99601	34636233	34701162
GLRHD0613	464	552544	64811	22218143	22262284
GLRGC0267	590	1677939	11562	33794595	33878632
GLRHD0615	807	1372089	8616	28144525	28190177
GLRGC0345	3196	619244	75675	24480125	24503602
GLRGC0493	1690	1338766	10303	26192239	26235895
GLRHD0840	9610	643632	77151	25518524	25554986
GLRGC0399	2223	627975	74893	24616099	24675505
GLRHD0917	3852	1382046	9815	27448585	27483813
GLRHD0630	1449	1299245	10343	27104241	27139811
GLRGC0280	1171	659631	79777	26733600	26758727
GLRGC0371	4138	1609722	9893	32330077	32420387
GLRHD0094	1148	1432688	7825	28974811	29047170
GLGHD1001	28018	1250165	10174	25302033	25302646
GLRGC0479	2516	880443	94675	34383142	34464825
GLRHD0841	873	1307446	8043	26035135	26092971
GLRHD0905	1905	588962	64797	23888743	23949227
GLRGC0250	5085	1068100	138362	42496656	42501191
GLRGC0414	8489	1096088	127413	44143033	44189164
GLRGC0431	1279	1365767	8418	29107650	29146098
GLRGC0262	1430	727385	88884	28921467	28980752
GLRGC0233	2882	533852	61353	21329628	21372885
GLRHD0060	748	645217	75828	26198109	26214203
GLRGC0201	2091	683202	78456	27417082	27460802
GLRGC0359	1293	698603	84745	27791730	27852585
GLRGC0228	1512	1223625	7061	24706203	24802699
GLRHD0800	3759	1365104	8295	27169606	27221788
GLRCRC0164	5709	792887	97229	31552988	31604317
GLRBC0011	1883	1106872	8030	22749319	22789211
GLRHD0705	3243	1245603	8827	25441508	25519189
GLRGC0358	741	754380	84380	30302831	30344247
GLRGC0136	864	686312	77182	28045956	28042632
GLRHD0796	1817	1103829	8708	22563379	22603207
GLRGC0219	3383	871667	99976	34809455	34880022
GLMHD1051	4158	1022375	6799	21545858	21581941
GLRLC0059	3270	654516	73731	26432366	26450483
GLRTC0047	2321	1129533	8196	22603724	22660896
GLRHD0619	2265	1073033	6710	21394547	21459325
GLRHD0685	1720	438683	51942	17546386	17578282
GLRHD0683	1348	1613086	12333	33691170	33718106
GLRLC0030	2662	987613	6062	20946524	20971749
GLRHD0661	1264	646956	75369	26378232	26411070
GLRHD0079	1923	622032	72047	24841553	24894024
GLRGC0428	3625	1773942	12002	37165182	37229483
GLRGC0303	3034	559256	64409	22373200	22421323
GLRGC0275	1504	1781467	10508	37657833	37712065
GLRHD0111	1718	1323246	7238	26625843	26695728
GLRBC0028	518	1106480	6825	22246764	22300707
GLRGC0498	768	381932	43536	15318810	15357598
GLRHD0380	1487	761581	91443	30307915	30353173
GLRTC0001	1737	1164880	8744	23687520	23754886
GLRHD0869	825	1651075	8396	33351330	33416142
GLRHD0813	1209	1429280	9433	28118246	28198131
GLRTC0042	4571	1052688	8554	21163927	21207114
GLRHD0770	1119	659114	77658	26390312	26455991
GLRHD0891	975	658680	79697	26176347	26232973
GLRHD0056	1063	1131309	8335	23833205	23864936
GLRGC0469	10198	772178	92520	30704433	30803277
GLRGC0026	2003	1381140	9370	27711150	27751261
GLRHD0923	2214	1666478	10302	34061966	34119515
GLRGC0138	4223	870062	95177	35444883	35498991
GLRGC0146	2942	556371	66041	22078230	22124855
GLRLC0079	1399	1349633	7447	27737962	27787019
GLRGC0238	3047	731267	84872	29008247	29061700
GLRHD0733	6528	515705	59470	21056044	21105801
GLRHD0803	1896	1224775	7999	25597850	25655065
GLRGC0188	3830	710102	78352	28019305	28055185
GLRHD0673	489	607693	68287	24115567	24178719
GLRGC0480	4850	759354	85296	30319659	30252729
GLRHD0864	700	1365600	8909	27173472	27240160
GLRHD0678	1305	655975	74947	26247929	26295177
GLRHD0534	2492	1043208	7205	21187147	21220584
GLRHD0836	4328	869654	112954	34507160	34607263
GLRHD0105	1321	533631	61453	21519523	21557015
GLRGC0184	488	563818	65163	22479477	22533751
GLRHD0719	916	686405	80463	27504186	27548621
GLRGC0211	2111	1795075	12791	34017818	34050051
GLRHD0690	1974	1559576	10260	31765702	31818467
GLRGC0154	2448	496095	60917	19700729	19736579
GLRHD0681	1926	856852	96747	34317870	34376118
GLRBC0015	1597	1584167	10012	33084418	33157143
GLRGC0041	2056	615520	75597	23826947	23861026
GLRGC0309	891	735181	85922	29185836	29240079
GLRHD0952	1692	871784	102496	35611448	35652696
GLRHD0887	1892	1282587	7910	26395179	26444891
GLRLC0080	1351	1260640	8240	25940280	25991040
GLRGC0193	929	742374	86298	29679539	29738328
GLRGC0444	653	729653	81830	29499510	29545960
GLRGC0292	3349	706995	82349	28171466	28213977
GLRGC0413	5765	711401	81588	28499353	28543204
GLRHD0851	855	1346128	7743	27129706	27194363
GLRHD0495	1322	564042	68411	22514061	22539142
GLRGC0187	3411	1361441	8726	28031442	28104989
GLRGC0215	1049	1248097	8784	26305490	26362533
GLRLC0081	1221	1034618	6283	20942617	20979566
GLRHD0744	978	1210291	7518	25045641	25076444
GLRHD0757	2421	1449337	8634	27588181	27641934
GLRHD0808	2315	1154509	6872	24206985	24264427
GLRHD0919	2240	1245334	9026	25362156	25407432
GLRCRC0138	1650	1397925	8332	29408907	29453419
GLRHD0750	3957	684433	75119	27630547	27685348
GLRHD0736	1967	1191873	6536	24769184	24832067
GLRGC0214	3269	730241	81171	29971784	29975699
GLRHD0612	1327	616895	74688	24644259	24700854
GLMHD1021	5016	888877	5891	18346521	18374604
GLRHD0742	6371	1082658	6230	22264720	22312215
GLRGC0356	1965	765738	91990	30948865	30975753
GLRHD0866	1573	1133286	6850	22896101	22957784
GLRHD0913	6457	1194035	8166	24975958	24960772
GLRGC0274	1564	1199959	8513	24439026	24480927
GLRHD0650	1626	619482	70917	24679049	24730991
GLRCRC0139	1167	650157	75452	26182586	26267757
GLRTC0050	3651	1080670	6962	22335808	22395983
GLRHD0637	1514	1299805	8441	26685998	26730137
GLRGC0222	951	1503413	8391	30741622	30797396
GLRGC0465	1481	807990	97187	32085650	32167671
GLRHD0927	2279	795264	95856	31817580	31908250
GLRGC0134	936	1799755	10578	36843454	36921308
GLRHD0849	1619	1106564	8489	23275639	23300496
GLRGC0220	4526	710368	81631	28593766	28515749
GLRGC0266	2969	579182	70294	22792246	22874126
GLRHD0792	996	1489657	9991	31006095	31097919
GLRHD0530	1964	817657	5896	16840986	16869441
GLRGC0242	2553	612754	70352	24566005	24622588
GLRGC0388	2987	841590	72556	29033833	29100837
GLRGC0265	1646	627952	73858	24465835	24503726
GLRHD0664	4619	1151840	7381	24024451	24055638
GLRHD0122	1085	558404	65302	22688022	22721119
GLRHD0925	1196	511229	60320	20508777	20540664
GLRGC0415	5463	749976	89620	29932968	29972606
GLRGC0418	4921	736382	5350	16178492	16204418
GLRGC0047	2118	621630	76805	24590678	24626191
GLMHD1037	7999	1066197	7464	22342011	22365155
GLRCRC0073	879	1286652	9909	26704501	26754386
GLRGC0162	5357	1714908	8928	34498561	34565614
GLRCRC0110	5832	665235	79276	26709410	26752710
GLRHD0058	740	1232077	8638	24943086	24972684
GLRHD0722	2357	1167439	8799	24405907	24444919
GLRGC0464	9181	1215122	11310	24944508	24930395
GLRHD0878	1717	648282	75687	25952612	26012960
GLRGC0165	1014	801098	93625	32235690	32302460
GLRLC0041	978	1127025	7718	22924631	22952810
GLRHD0688	2060	557322	63692	22166250	22202831
GLRGC0175	965	1009963	8005	21592481	21142331
GLRGC0243	2544	454331	52991	18450139	18474001
GLRHD0839	1058	558306	65863	22428059	22474495
GLRGC0409	4325	694995	77506	27273307	27266950
GLRGC0349	1548	537885	62836	21301069	21353806
GLRHD0907	770	803099	98839	32381280	32447206
GLRGC0095	3010	635213	71277	24858129	24891596
GLRGC0365	1243	572965	64405	22790079	22830907
CRLR0007	1390	516855	60835	20957909	21007925
GLRHD0858	1501	1493925	8827	31534735	31589345
GLRHD0089	731	1279230	6496	25943337	26012180
GLRGC0350	1898	1240191	8435	25065218	25150638
GLRHD0606	1420	980563	116846	39324186	39387445
GLRHD0908	236	910379	7877	19459906	19462953
GLRGC0377	2782	763960	83518	30708466	30757221
GLRGC0150	1047	1237023	9117	25603627	25603534
GLRHD0712	2088	1603919	10027	33201033	33243151
GLRGC0432	7734	729567	75965	29277231	29282049
GLRHD0737	4111	586869	68621	23537141	23587278
GLRHD0906	604	1303353	8197	27491858	27530461
GLRGC0404	8238	1271544	9091	26485830	26537121
GLRGC0246	3153	1491540	10837	31118699	31168894
GLRHD0405	3184	1201000	8052	25643899	25678509
GLRHD0807	2027	467102	50919	18743105	18776014
GLRGC0210	2124	1724902	13672	36097943	36186037
GLRHD0886	1438	674526	80545	27039100	27098171
GLRGC0159	709	663223	78441	26479998	26530108
GLRHD0527	540	922351	6348	19616035	19673515
GLRHD0624	2014	1333074	7971	26932344	27017718
GLRGC0218	2169	1146013	6648	22856433	22912882
GLRGC0284	8043	1103064	133617	43376723	43416546
GLRHD0642	2220	724442	82925	29153742	29223427
GLRHD0937	941	654934	76707	26029506	26079432
GLRGC0129	2119	636193	71542	26057921	26088410
GLRHD0731	822	576412	72416	22943687	22971455
GLRGC0212	5459	1256026	6382	25357961	25421986
GLRHD0686	744	1008951	8391	21118521	21146401
GLRHD0649	2951	942696	106608	37989233	38030262
GLRHD0120	1176	529758	60956	21224562	21263933
GLRGC0137	3740	653001	71217	26287286	26315401
GLRGC0326	2900	661525	79458	26107313	26152274
GLRHD0721	1284	1043416	6532	21991105	22048019
GLRGC0395	3406	1060338	124643	42854460	42925269
GLRGCP0003	5051	668192	72468	26507874	26451535
GLRGC0455	5296	686559	79537	27436459	27394842
GLRGC0436	6480	640367	76771	25610466	25613482
GLRGC0271	4543	774957	90169	31387256	31478285
GLRCRC0034	3365	1176765	8562	23810987	23846532
GLRGC0482	6217	750211	87439	29895211	29901613
GLRHD0367	2761	971027	6586	19838550	19864077
GLRGC0370	3476	414096	48601	16567452	16600072
GLRGC0471	7547	1381443	10090	27721684	27756352
GLRHD0910	1106	714479	86467	28467788	28540880
GLRGC0488	1038	766459	89988	30329976	30407267
GLRGC0302	756	1231922	8361	26198528	26227135
GLRGC0290	2078	536836	63003	21409119	21454091
GLRHD0946	1035	607064	71511	24246203	24290555
GLRGC0408	597	1422941	9474	30043337	30110091
GLRHD0853	1655	1180628	7103	23752440	23816747
GLRHD0950	4152	847259	102520	33807266	33875685
GLRHD0088	2907	1203071	7360	23410937	23473975
GLRHD0773	657	1229488	7508	24855757	24912973
GLRHD0709	1567	1697976	12050	34163297	34244294
GLRGC0189	2347	759424	85919	30429267	30473927
GLRGC0332	2278	591653	73346	23334262	23395974
GLRGC0083	1325	1160839	7379	24327831	24380778
GLRHD0718	4356	695932	85916	27256418	27299399
GLRGC0028	513	1209162	8567	25225701	25265487
GLRHD0874	1626	827088	98324	32887624	32976129
GLRGC0176	5151	556361	65847	22316490	22356114
GLRGC0489	6123	779466	89304	31561535	31620950
GLRHD0776	864	663206	78439	26652209	26708985
GLRGC0470	6514	786052	89840	31333976	31353342
GLRHD0861	2329	707056	86468	27637316	27726215
GLRGC0324	1196	1434339	9326	27662063	27727775
GLRGC0216	1928	1118840	6168	23625308	23672301
GLRHD0396	3474	709787	81163	28832545	28885925
GLRHD0915	3605	672514	83607	26799147	26846526
GLRGC0491	2572	742733	86874	29521138	29571183
GLRTC0045	3933	1068703	7828	21636000	21676450
GLRHD0748	2752	1786269	11905	37052931	37125825
GLRHD0409	1662	487803	55837	19364644	19404684
GLMHD1023	14431	1189729	8461	24229772	24245380
GLRGC0367	7616	607007	78592	22241903	22307564
GLRGC0468	2085	1307268	9676	27898958	27906819
GLRGC0433	1837	694776	81656	27793996	27837663
GLRGC0410	3706	689932	76970	27614572	27642918
GLRHD0730	751	585476	71051	23571733	23626210
GLRHD0842	1758	1242092	8703	25723296	25773955
GLRHD0698	816	1240425	7329	26021394	26062389
GLRGC0346	1472	495354	57258	20004414	20041447
GLRGC0192	1914	750996	86773	29951201	30003292
GLRHD0670	606	470696	57201	18703453	18781002
GLRGC0106	8082	607393	75382	24199342	24225158
GLRGC0100	2116	713807	85486	28510325	28549087
GLRGC0466	8975	646984	73214	25931873	25910173
GLRGC0151	1748	1934453	13602	39294684	39380260
GLRHD0675	641	1369451	9958	28002989	28033975
GLRHD0875	665	725776	85756	29240511	29290876
GLRHD0647	571	1485531	7975	31078560	31151011
GLRGC0376	6634	491095	52332	19924877	19983951
GLRGC0121	6636	627729	70727	25056508	25101516
GLRCRC0134	1681	550302	64298	21668191	21707734
GLRGC0288	1489	1107218	7357	22900942	22942097
GLRCRC0097	1793	602623	67791	24059928	24129010
GLRHD0652	2800	607337	73420	24134334	24185904
GLRBC0034	1770	1047200	7110	20915159	20977058
GLRGC0391	2619	753503	93015	29598363	29636609
GLRTC0019	1605	551712	64891	21869349	21920210
GLRGC0248	4007	817197	97350	32288512	32344923
GLRHD0863	718	1048826	6572	22244611	22290039
GLRGC0412	8328	1413601	12533	30261506	30335503
GLRGC0223	2712	836986	97046	33104517	33214700
GLRHD0824	819	1040384	6400	21968040	22017509
GLRGC0037	1810	1231943	7637	25857570	25900474
GLRGC0049	2038	663287	79145	26360020	26427759
GLRHD0095	1152	614689	71036	24198516	24262959
GLRGC0119	1761	1281008	7979	25597722	25636249
GLRGC0467	1380	1248826	8082	27774701	27796279
GLRGC0450	641	766065	82400	31499475	31565981
GLRHD0867	1171	1234934	7541	24462035	24514070
GLRHD0729	549	551797	63464	22008094	22051842
GLRHD0725	506	964081	6405	20189100	20229510
CRLG0006	30787	1865124	13483	35046862	35179305
GLRBC0003	1230	1346013	7575	28052540	28124024
GLRHD0953	1348	1643582	11604	33271111	33381584
GLRHD0695	2659	548288	60260	22329816	22355617
GLRGC0127	6340	1296245	8752	26234421	26286549
GLRGC0206	6110	1199561	7063	24876660	24935416
GLRHD0830	687	552042	65632	22384244	22423508
GLRGC0496	4911	739209	4665	15451145	15478429
GLRGC0045	1829	580016	69356	23165006	23194771
GLRHD0641	6783	855521	102402	34270078	34346096
GLRHD0794	1149	1236305	6157	25777346	25828091
GLRHD0740	6489	420145	51528	16944960	16974587
GLRHD0693	1212	637250	76525	25687500	25723997
GLRGC0124	1683	714227	84452	28445046	28503845
GLRBC0013	2194	1010725	6629	21718182	21758986
GLRGC0123	8581	1631086	12699	34355519	34370931
GLRBC0026	2987	1121737	6586	22387070	22451551
GLRGC0235	1978	827385	103598	33199908	33235139
GLRHD0801	2716	654480	73330	26212893	26266382
GLRGC0057	1312	663967	81746	26247953	26321875
GLRHD0574	1259	1402885	10719	29607949	29657032
GLRHD0912	1247	1308576	9604	26904264	26950632
GLRGC0416	2819	757242	86923	30152225	30236916
GLRHD0411	1520	630543	75523	25158386	25208488
GLRGC0064	2876	594081	67278	23144905	23178588
GLRHD0810	739	747440	88149	29655997	29748290
GLRGC0446	3575	685775	81984	27291025	27327993
GLRGC0389	3142	763469	90651	30174752	30217761
GLRCRC0075	1085	717053	85861	28371175	28410586
GLRHD0766	2111	769413	89603	30796481	30854826
GLRGC0437	3755	1099304	133256	43724304	43810260
GLRGC0229	1377	562520	64765	22257814	22298765
GLRGC0261	5897	496304	56469	19753442	19716003
GLRHD0703	1732	1444995	8783	29552842	29623892
GLRHD0885	431	581151	68537	22851091	22910146
GLRLC0057	1736	418635	49789	16881332	16916809
GLRHD0621	1220	918878	6002	19570770	19614798
GLRGC0317	2779	714724	79366	27837524	27884330
GLRHD0445	4331	1261086	7480	24941941	24999754
GLRHD0672	1296	1385117	9135	28582385	28658541
GLRGC0406	4604	554478	61042	22480572	22531955
GLRGC0153	919	1131643	7518	23558833	23615872
GLRGC0305	750	1369715	8148	27549686	27590941
GLRBC0033	639	1144396	7983	23431906	23496135
GLRGC0443	1045	673492	79794	26934681	26986119
GLRGC0167	10566	1385450	9524	27832013	27898951
GLRHD0795	4227	1229582	8240	25541963	25592805
GLRHD0948	2572	1068149	8638	22380449	22431329
GLRHD0157	1243	1177494	6748	24628918	24686909
GLRGC0166	2718	1324673	9742	28759488	28733118
GLRGC0207	1495	454311	50879	17802619	17827186
GLRGC0022	1549	1453715	10243	29447090	29484540
GLRGC0490	9145	1012202	114565	41114318	41180665
GLRHD0061	2586	488994	58479	19655847	19677146
GLRHD0446	1591	590926	70292	24010176	24073196
GLRHD0909	4987	816023	96674	32914174	32957046
GLRGC0439	5485	537973	59436	21508586	21480886
GLRHD0947	1012	606340	70879	24741889	24763991
GLRGC0497	994	679177	67223	26917252	26963123
GLRGC0434	5792	681475	63960	24560813	24537263
GLRCRC0155	2237	1148995	7078	24033372	24081419
GLMHD1006	5495	964824	6737	19850460	19870613
GLRHD0896	605	1237471	7161	25640181	25682798
GLRGC0445	8407	537508	61140	21691962	21722358
GLRHD0791	1466	733475	73869	27254355	27301887
GLRGC0360	1701	627104	74227	24774638	24842887
GLRHD0728	1969	1489450	11525	30564977	30627567
GLRHD0936	3382	508696	58914	20042613	20120508
GLRGC0251	6015	780435	91425	31104964	31137581
GLRHD0594	1791	461999	53255	18833957	18877626
GLRHD0823	711	1495357	9830	31299804	31336166
GLRGC0341	1558	1134966	7754	22428514	22460175
GLRHD0620	2094	1196343	8684	25023793	25076808
GLRGC0183	2436	627003	70399	24742042	24789951
GLRHD0639	1069	721789	82917	29054793	29095680
GLRHD0708	596	833245	5368	17259577	17297210
GLRGC0355	1090	720139	81829	28942394	28990572
GLRHD0449	2115	624737	73751	25463334	25501981
GLRHD0711	4887	640012	71691	25612721	25633422
GLRGC0425	3219	945998	110609	37610743	37725363
GLRHD0821	2395	679651	86100	27343181	27371435
GLRHD0832	787	1081903	6624	21914776	21976888
GLRTC0008	1424	978895	7149	19719147	19774470
GLRGC0126	827	874845	103415	35117378	35163358
GLRHD0846	678	1467728	8707	28258641	28300975
GLRHD0833	2584	1363257	8437	27912555	28004110
GLRGC0131	652	857521	98774	34524464	34569374
GLRHD0635	1621	1234924	6362	24688183	24735656
GLRLC0014	2979	1589106	11131	32853133	32913162
GLRHD0671	4250	1081977	6670	22349088	22413525
GLRHD0768	2551	677374	76565	26930285	26966112
GLRLC0013	1326	1086322	6313	22120940	22174019
GLRGC0281	1190	1584340	10195	31963803	32021039
GLRHD0788	2488	846372	97337	33982682	34046941
GLRHD0043	2417	1414987	8487	30536245	30585991
GLRHD0781	4099	433829	51570	17264516	17313331
CRLR0006	1672	1117002	7321	23342842	23388231
GLRGC0492	5254	2045265	29062	46014693	46071228
GLRHD0888	837	1313995	7418	26313056	26376333
GLRGC0477	2184	1278679	149512	51404194	51476055
GLRCRC0067	2353	1328659	9650	26997933	27028670
GLRHD0850	1951	617356	71256	24836870	24876601
GLRHD0778	587	1135526	7542	24737872	24810310
GLRGC0209	2921	1444280	9120	29910323	29963658
GLRHD0700	4030	1040347	7526	21369548	21413239
GLRGC0362	4761	678437	81147	26786585	26824394
GLRHD0916	4109	569821	69452	22761751	22784274
GLMHD1001	1278	954398	5778	19629915	19648641
GLRHD0701	978	893069	6381	18847025	18888014
GLRHD0775	776	681083	77883	27192273	27247478
GLRGC0240	10830	823220	96886	32677042	32742695
GLRTC0048	1692	1118177	7381	22463483	22532418
GLRGC0383	2255	661698	75989	26554007	26592393
GLMHD1007	9564	987609	6663	20031217	20062491
GLRTC0052	8438	1530079	9985	31639925	31670785
GLRGC0354	5464	1362813	9015	29820637	29872110
GLRGC0453	2723	703700	86183	27850814	27883603
GLRGC0366	3049	973605	113910	38657117	38727239
GLRHD0112	5943	517256	55370	20767462	20832538
GLRGC0422	2273	740906	88003	29698963	29929427
GLRHD0046	1131	1100515	6654	22210358	22244131
GLRHD0844	747	1225791	8146	25063807	25100115
GLRGC0099	6224	603427	70465	24379743	24395743
GLRLC0070	2130	803779	80324	29681812	29710009
GLRGC0226	833	1133029	6237	22510240	22585049
GLRHD0782	1630	554266	66043	22288388	22340858
GLRGC0417	4309	894051	106885	35306509	35369511
GLRHD0787	1185	1220780	6945	25692669	25743380
GLRTC0031	708	1283230	7538	26436752	26497372
GLRGC0133	1858	783825	92636	31631923	31674020
GLRHD0872	511	657649	74166	26584995	26627853
GLRHD0928	1624	820094	95646	32636941	32717336
GLRHD0932	1384	1162363	6435	23865828	23908685
GLRBC0046	2328	1322320	8358	26446321	26491945
GLRGC0164	1078	768368	87139	30957796	31000489
GLRGC0323	1057	764545	87398	30999290	31039081
GLRHD0704	5104	921450	8522	18967711	18999249
GLRGC0300	3383	696785	78073	28307445	28362341
GLRHD0743	3779	553881	64657	22298287	22327139
GLRGC0217	1100	816630	95325	32761262	32817262
GLRHD0922	1233	737958	87179	29467232	29518470
GLRHD0145	1320	781053	91594	31216593	31271019
GLRHD0765	1126	1641088	10649	34089399	34148135
GLRGC0173	1528	973024	7068	20843474	20857863
GLRHD0607	1575	1323491	8078	28515556	28568214
GLRHD0667	941	600447	71032	24161466	24201938
GLRGC0451	1558	947109	108664	37939333	37996082
GLRGC0462	2923	859140	100998	34535111	34608129
GLRGC0033	540	1158642	6858	24006734	24039952
GLRGC0310	1094	1134991	7125	22909732	22974829
GLRHD0585	2639	631760	72208	25976832	26014126
GLRBC0031	758	1146868	7756	23554209	23613105
GLRGC0286	4217	891224	103570	35763492	35798520
GLRGC0402	4407	450332	47029	18013790	18036688
GLRGC0089	6304	693797	80720	27630019	27664127
GLRHD0662	1790	1188039	7358	23833068	23885798
GLRHD0391	2094	860050	5305	18975370	19038153
GLRHD0590	2585	812997	97953	32702479	32723244
GLRGC0120	1987	848140	102457	33888735	33940860
GLRHD0351	5372	501429	56214	19663761	19704289
GLRHD0786	1795	1421183	9722	29556412	29587052
GLRHD0651	5105	515931	60942	21091330	21135001
GLRGC0010	675	656335	75569	26320261	26350816
GLRGC0293	734	982881	108527	39201763	39240959
GLRBC0024	1444	1093919	7090	22128254	22197293
GLRGC0263	1213	892926	106379	35771539	35825868
GLRGC0478	11491	727434	78394	29697104	29710000
GLRHD0716	2753	1336843	8635	27061917	27116499
GLRGC0295	1768	869083	110675	34740574	34797188
GLRHD0903	1214	568570	66510	22886803	22920342
GLRHD0759	1186	608914	72997	24493799	24514499
GLRGC0060	3593	741297	86886	28673146	28740070
GLRHD0793	6906	683254	79099	27393992	27443168
GLRGC0276	2145	1678871	11464	35072168	35135589
GLRHD0663	1283	576116	68216	22813053	22858625
GLRGC0487	1294	994576	116838	39734451	39824831
GLRGC0230	1688	1935859	13112	39114651	39185962
GLRHD0654	906	683087	81382	27632510	27669698
GLRGC0104	3081	541514	65790	21994460	22024420
GLRGC0335	900	619935	73218	25035726	25088056
CRLG0007	18041	623532	79381	25541000	25520101
GLRHD0809	679	792502	93080	31530355	31587753
GLRGC0390	2268	683603	79934	26918026	27022267
GLRGC0143	4803	1526074	8234	30251128	30338352
GLRGC0337	1162	570455	66732	22092386	22150836
GLRGC0144	2112	741953	88746	29577780	29625746
GLRGC0435	3073	847733	102262	34053603	34108756
GLRHD0668	2145	602468	69197	23922652	23976812
GLRHD0610	1255	657975	76701	26385048	26416707
GLRGC0327	1369	1332417	7858	26731520	26784391
GLRGC0254	1178	641321	76934	25822277	25850969
GLRHD0920	1957	1397185	8612	28153746	28218820
GLRGC0330	747	612346	72509	25042463	25058022
GLRLC0015	3553	1163226	6952	24439901	24489049
GLRHD0949	4905	1082313	7683	22534089	22579710
GLRCRC0059	3104	663331	78986	26523439	26572313
GLRGC0386	468	725097	85237	28749687	28843491
GLRGC0158	1696	862954	101717	34698214	34716689
GLRGC0289	3980	1171939	6736	26193618	26229114
GLRHD0857	2090	1212586	9783	24603705	24649761
GLRGC0473	985	793941	92116	31610440	31661206
GLRHD0815	5787	583635	66978	23302871	23351411
GLRGC0319	2801	565371	66389	22701404	22736405
GLRHD0856	1099	562437	65230	22617437	22632003
GLRHD0622	1224	1456721	8315	28864482	28971413
GLRGCP0005	7087	427056	49226	16196758	16224703
GLRGCP0004	8316	1134697	8644	24597755	24615139
GLRGC0109	2130	641896	75016	25563001	25602438
GLRGC0459	7804	654128	75987	26233861	26262211
GLRGC0157	8134	1827254	13198	37746932	37807567
GLRLC0062	411	636703	74565	25623966	25682888
GLRHD0659	601	1414284	8270	27649983	27700393
GLRGC0378	6773	1430017	7858	30899578	30941507
GLRHD0135	2328	1298209	8310	26310337	26357028
GLRGC0369	1667	1293478	8632	28108941	28146573
GLRGC0474	1283	850034	99462	33773916	33814243
GLRGC0253	1065	642396	80459	25227955	25274869
GLRGC0495	1070	649772	75994	25493778	25543123
GLGHD1004	23539	1219638	9790	25190091	25190463
GLRTC0026	2642	1737245	10763	34685603	34752170
GLRHD0677	1224	1583122	9692	33267212	33311184
GLRGC0234	13620	1051506	113197	41207051	41198197
GLRGC0198	2206	831497	101922	33140393	33203541
GLRGC0115	392	1213050	8120	24246221	24310742
GLRGC0352	5239	920826	102642	38189437	38220064
GLRGC0331	453	731827	86913	29485447	29516089
GLRHD0843	933	1259408	8180	25100690	25145050
GLRGC0168	1395	998014	116921	40325241	40369641
GLRHD0854	1819	677496	79671	26593975	26655545
GLRHD0943	2628	550205	61559	22174116	22231197
GLRGC0072	2347	604371	67943	24347460	24386349
GLRTC0005	969	1034713	5860	21587211	21657313
CRLR0008	670	624390	73182	25002774	25038181
GLRGC0247	1902	1345139	9626	28484038	28536857
GLRGC0221	4709	2131963	13625	44476838	44567247
GLRGC0236	3807	599017	69759	23678087	23759690
GLRGC0190	1408	607685	74355	24215938	24183376
GLRHD0761	7735	532427	60130	21611435	21655370
GLRHD0638	2705	1031318	4676	21831518	21898641
GLRHD0799	647	1197321	8538	25462110	25504293
GLRHD0951	2393	851881	98368	34177076	34226600
GLRHD0753	3870	1303786	8146	25834597	25890857
GLRHD0804	2759	501025	60780	19856737	19880908
GLRGC0499	7024	543430	61116	21625780	21537251
GLRGC0199	1399	1627191	10608	34034201	34101877
GLRGC0155	3892	585677	72995	23029748	23057278
GLRGC0107	1254	621023	73992	25018236	25065450
GLRGC0241	6184	1235708	8190	24871868	24936798
GLRHD0956	1025	1768032	10427	35350195	35392236
GLRGC0387	607	822551	93498	32747008	32818685
GLRGC0082	2361	633986	74051	25162470	25226045
GLRHD0047	3116	1141474	8420	24196725	24214163
GLRHD0816	908	586400	67436	23165879	23220031
GLMHD1036	3525	907049	6540	18984059	19014157
GLRBC0041	1644	1290109	9347	25573716	25616617
GLMHD1046	768	995593	6472	20887539	20931662
GLRHD0749	715	614520	71075	24487371	24554405
GLRGC0285	1555	491927	56645	19162054	19202160
GLRGC0353	4348	1129674	6209	23614156	23659595
GLRHD0674	1667	1079676	7503	21896220	21950845
GLRHD0689	2283	701423	78994	28073828	28124329
GLRGC0079	2090	814184	95988	32176192	32239378
GLRGC0272	972	614538	76879	24487350	24521558
GLRGC0172	1590	1772117	14030	36704028	36747654
GLRHD0828	825	444710	52137	18001175	18029425
GLRCRC0101	1623	1000224	8125	21391569	21424037
GLRHD0760	908	586052	71908	23975774	24005615
GLRGC0282	7025	834364	91910	34206597	34271497
GLRGC0334	2196	1019258	115101	41131457	41190247
GLRGC0486	8736	823923	97779	33066775	33132581
GLRHD0942	752	634034	77763	26202226	26218508
GLRHD0710	6655	1510593	10213	32097906	32214071
GLRGC0291	2255	1265909	8275	25830043	25901486
GLRGC0116	1790	1467766	8275	29805882	29879418
GLRHD0897	1001	1045997	6196	21749602	21775854
GLRGC0458	3898	595170	64718	24103565	24093932
GLRHD0747	2991	629068	76383	25109941	25144300
GLRHD0596	4573	878429	5164	18900373	18953430
GLRHD0764	2730	911625	106761	36247434	36336207
GLRGC0485	3657	755071	88784	30054231	30138326
GLRGC0171	3962	684476	78716	27345581	27358739
GLRHD0626	1028	640809	72439	25863890	25897173
GLRGC0195	3796	1349240	7466	27260531	27314012
GLRGC0125	2666	1731622	13426	35314497	35371286
GLRHD0588	1277	1291570	8013	26425634	26466368
GLRHD0106	822	1144230	7419	23388256	23434847
GLRHD0784	800	736504	87004	28960180	29027630
GLRHD0423	4041	459069	52194	18624864	18679518
GLRHD0829	1035	881570	6703	18801330	18803049
GLRGC0407	8167	1317710	10478	27839693	27869256
GLRHD0879	1349	677572	78977	26773596	26818964
GLRGC0118	1102	597855	72845	23963835	23981489
GLRTC0002	1688	1258087	8039	26232094	26322178
GLRHD0491	2392	519475	61621	21015685	21047992
GLRHD0848	1112	1140762	6816	22713014	22756762
GLRCRC0113	3346	1243991	8605	26291133	26333868
GLRGC0040	2634	1192842	7777	24347042	24395247
GLRGC0051	395	627133	72435	24861087	24894937
GLRGC0185	4615	989487	47682	27160690	27207038
GLRGC0394	3829	1162690	7443	23893981	23982532
GLRHD0643	1662	1141207	6794	23603931	23662966
GLRHD0676	1677	516187	58666	20676223	20722522
GLRHD0957	963	1681436	10174	34247015	34293692
GLRGC0081	7518	581958	64055	23487233	23518205
GLRGC0110	685	1331536	8324	28214316	28240091
GLRHD0694	1814	541395	63391	21719418	21752211
GLRHD0633	1838	565749	61592	22529109	22567063
GLRHD0954	967	781016	90647	31702198	31764220
GLRGC0472	6407	684050	78210	27379177	27406953
GLRHD0054	371	1073941	7843	22399247	22417725
GLRHD0926	1474	1041575	7280	22110756	22159761
GLRHD0751	749	1010220	5406	20405937	20448612
GLRGC0259	1327	1740939	11142	34793135	34852487
GLRGC0294	746	994850	6794	21593996	21629970
GLRGC0186	7826	1192421	9739	26071210	26017676
GLRGC0200	3290	883978	98365	36381663	36414480
GLRHD0818	5135	1090452	6965	22573865	22613344
GLMHD1053	9299	1094384	7789	22848947	22855936
GLRLC0006	2374	582837	69555	22884533	22931588
GLRGC0204	7340	878676	99826	35013847	35102100
GLRGC0426	1585	635340	71568	25594238	25576999
GLRGC0196	889	885494	104674	35150663	35235094
GLRHD0834	2153	1387767	10425	28048473	28142606
GLRGC0457	4356	839960	98470	33358163	33398440
GLRHD0955	3695	1537090	11947	31410657	31452365
GLMHD1008	12553	1140872	8342	23170219	23191693
GLRGC0336	1342	556454	67686	22322158	22343321
GLRHD0679	2329	819933	97253	32940443	32996093
GLRGC0321	916	639854	72478	25565656	25617368
GLRHD0918	2813	1204326	9842	24325729	24360309
GLRGC0316	3846	565256	63700	22246060	22280867
GLRHD0789	774	547431	64363	21863377	21900358
GLRGC0320	4148	942653	108188	38070532	38122721
GLRHD0756	2303	1339483	8087	26247377	26336101
GLRGC0050	3311	697498	79838	26552672	26591352
GLRGC0403	3231	669932	78610	26103930	26178260
GLRHD0702	1072	480433	57145	19420972	19438356
GLRGC0456	830	806573	93682	32497284	32571028
GLRGC0364	992	762520	89115	30477511	30560305
GLRGC0287	1313	1015295	6245	20620491	20657717
GLRHD0691	2172	1200442	8568	25342014	25395381
GLRGC0152	3355	569005	64901	22913578	22942362
GLRGC0304	1141	803544	91268	31974167	32048147
GLRGC0239	1483	720564	81029	28851885	28920958
GLRGC0307	860	1807162	10404	37046618	37105838
GLRHD0714	2194	607251	71323	24436628	24479593
GLRGC0380	6436	559292	63846	22197641	22273266
GLRHD0116	463	946633	5746	19320451	19361545
GLRHD0732	529	543434	65457	22283057	22301323
GLRGC0237	8937	908266	99728	37517993	37521248
GLRHD0797	4539	1008810	115560	40599893	40677837
GLRGC0448	3043	1472431	12188	31322844	31373577
GLRHD0847	1567	1322388	8371	26743480	26773499
GLRGC0449	2588	752347	89174	29806573	29908156
GLRGC0142	3841	697541	84935	27858133	27889408
GLRGC0348	740	565035	62170	22656393	22684526
GLRHD0431	1619	771272	92782	31026330	31091047
GLRGC0421	1322	711676	82255	27909840	27979000
GLRHD0713	876	647786	73652	25511119	25548885
GLRHD0114	1009	584182	70135	22958362	23008551
GLRHD0623	2205	633996	76773	25390683	25442079
GLRHD0634	665	572851	66780	22859643	22932860
GLRGC0385	1102	908158	106344	36106235	36195308
GLRGC0363	1133	1143800	8136	24351731	24395033
GLRHD0739	766	670275	80664	26668640	26722125
GLRHD0941	951	764649	93340	30653076	30727839
GLRGC0313	814	554794	62808	22390195	22417927
GLRHD0812	1138	531430	59578	21340786	21394273
GLRGC0004	760	648840	71787	26157177	26198659
GLRGC0411	2199	1394689	8387	29634323	29691881
GLMHD1052	6524	1116489	7928	23249086	23281674
GLRHD0724	4995	1245025	8456	26478728	26520736
GLRHD0779	881	661788	79173	26243758	26310467
GLRGC0232	1150	1465252	8911	30530381	30598327
GLRHD0790	1149	653816	77462	25833441	25897340
GLRGC0297	1070	552700	66852	22356823	22386983
GLRHD0053	454	1083118	7046	22653244	22684200
GLRGC0325	2204	787533	94785	31207927	31269438
GLRHD0629	1156	963584	117174	38542113	38632981
GLRGC0252	653	643579	76330	25424818	25498094
GLRHD0767	1194	1477611	10860	30784286	30806133
GLMHD1022	8656	972739	6984	20029450	20053784
GLRLC0083	2213	867377	5995	18033765	18064333
GLRGC0484	3259	787421	89743	31236305	31336819
GLRHD0889	3206	1275279	6599	25608169	25658520
GLRHD0902	1442	488053	56975	19933195	19968767
GLRTC0021	2337	1148674	7523	23569816	23624687
GLRGC0257	2603	596688	72055	23019390	23092895
GLRGC0382	3339	849238	97173	33843939	33913776
GLRGC0139	1499	674415	78601	26568528	26614182
GLRCRC0017	2560	605413	74214	23689851	23713193
GLRHD0862	2472	921509	5780	18296434	18343889
GLRGC0373	5913	687178	78147	27792587	27835516
GLRHD0758	903	1045721	6163	20784959	20850801
GLRGC0169	5783	489353	55742	19225497	19271771
GLRGC0454	2374	785441	90758	31866868	31911175
GLRHD0645	980	1781386	13727	36739733	36813348
GLRHD0901	2048	1168816	9461	24211989	24230852
GLRHD0754	2677	524422	60657	21099713	21143978
GLRHD0769	880	1679082	9903	34304196	34373011
GLRGC0475	3544	810724	89524	32810612	32850204
GLRGC0312	977	1387715	9340	27259235	27307417
GLRHD0938	1886	1159399	6820	23480731	23527984
GLRGC0034	1463	1094432	8252	22763544	22793766
GLRGC0401	952	766674	87986	30765369	30853553
GLRBC0029	2337	979801	6247	20488977	20565245
GLRHD0720	3891	1098482	7428	22729036	22772994
GLRGC0340	9349	625561	68758	24813896	24868864
GLRGC0344	903	1024334	6953	21341914	21381536
GLRGC0397	2255	834693	101366	33301412	33369646
GLRHD0150	1806	1315234	8526	27403517	27461394
GLRHD0611	1430	1436536	10534	29222723	29280960
GLRHD0715	1108	1249644	7219	24997587	25094235
GLRGC0249	3308	702886	77699	27640038	27691729
GLRHD0699	679	853534	101991	34044712	34130971
GLRGC0130	1911	817851	95361	32225411	32289663
GLRGC0264	3527	419552	50586	15957029	15992236
GLRBC0021	1281	1412183	8985	29494577	29555577
GLRHD0684	5986	609628	73729	24305525	24342163
GLRHD0924	2064	1201244	6997	23818953	23891159
GLRGC0113	1769	614711	70472	23927551	23996419
GLRHD0561	536	612191	70344	24639180	24699785
GLRHD0706	2512	1309356	8932	25898251	25963070
GLRHD0945	1824	1815607	11836	36428383	36476168
GLRHD0660	3116	834261	5898	17573584	17600408
GLRGC0440	2455	1357489	7572	28174400	28214190
GLRGC0273	8984	722601	83463	29257316	29310968
GLRHD0911	1234	612240	74518	23984550	24030805
GLRHD0616	3066	589346	66628	23538127	23577841
GLRHD0121	1584	676684	78919	27316581	27347833
GLRGC0338	1605	1286511	8672	26884897	26931338
GLRHD0529	5871	1178757	6683	24127746	24179703
GLRHD0845	874	573929	72258	22934600	22969996
GLRGC0093	2066	659257	75359	26473971	26517307
GLRTC0029	2124	1372558	8171	28449022	28507361
GLRHD0519	4500	1417262	10593	28571251	28617074
GLRGC0178	2303	1108079	131669	44834214	44917973
GLRHD0865	495	712315	83881	28313420	28361923
GLRHD0631	1184	1013939	5352	20958875	20992242
GLRHD0692	625	617904	75380	24253619	24315642
GLRHD0618	834	1114777	6363	23536682	23570922
GLRTC0016	1031	1249903	7434	24771043	24819594
GLRHD0817	801	649936	75768	25982154	26033876
GLRHD0099	1090	1152704	7879	24488669	24515176
CRLG0010	20918	1346419	9480	27024248	27024225
GLRHD0707	5107	953636	7357	19275018	19296387
GLRGC0180	1756	1430766	9299	30151573	30199413
GLRHD0680	2348	1445893	9351	29605087	29659910
GLRBC0019	998	1128368	8473	23777850	23814660
GLRHD0805	1387	582574	67289	23163342	23210561
GLRLC0049	1530	1176387	7876	25325411	25366257
GLRHD0877	1676	1228467	7256	24731478	24820375
GLRGC0156	1526	776404	93832	31076352	31117321
GLRHD0774	1738	1274001	7123	26108408	26166080
GLRGC0306	6460	615470	71200	24822125	24860583
GLRGC0298	7112	1417238	9006	28389861	28446064
GLRHD0726	483	577229	68707	23018191	23059541
GLRHD0617	1093	1729635	9244	35730753	35810643
GLRGC0301	4376	671354	80294	27239183	27282101
