4	84670000	84880000	228.0400	0.0546	0.0000
3	7340000	7530000	227.7200	0.1455	0.0000
7	110010000	110330000	226.7400	0.1583	0.0000
1	15280000	15360000	225.5600	0.0192	0.0000
18	71010000	71530000	225.3800	0.0630	0.0000
9	30880000	30940000	225.1400	0.0488	0.0000
12	128630000	128940000	224.2200	0.0387	0.0000
6	146690000	146800000	223.9800	0.0547	0.0000
3	167300000	167430000	223.8000	0.0992	0.0000
14	40310000	40510000	223.3400	0.0661	0.0000
9	14910000	15060000	223.3000	0.1425	0.0000
3	7100000	7300000	223.2800	0.0327	0.0000
2	193930000	193990000	223.2800	0.0299	0.0000
16	410000	550000	223.2000	0.0362	0.0000
2	127800000	128530000	222.9400	0.0913	0.0000
1	185880000	186330000	222.5400	0.1177	0.0000
2	225550000	226000000	222.4400	0.1148	0.0000
13	91580000	91940000	222.3800	0.0908	0.0000
4	69530000	69600000	222.2800	0.0281	0.0000
2	187260000	187510000	222.2600	0.0233	0.0000
6	85350000	85540000	222.2000	0.1247	0.0000
7	89520000	89880000	222.1600	0.0568	0.0000
8	78380000	79200000	222.1400	0.1094	0.0000
13	108730000	109190000	222.1000	0.3619	0.0000
16	27460000	27560000	222.1000	0.0723	0.0000
12	84800000	85040000	222.0600	0.0577	0.0000
1	82410000	83070000	222.0200	0.2712	0.0000
16	52760000	53260000	221.7200	0.1323	0.0000
17	9990000	10230000	221.2800	0.0375	0.0000
3	175910000	175980000	221.2400	0.0211	0.0000
2	193330000	193480000	221.0400	0.0510	0.0000
7	88830000	89410000	220.9200	0.1724	0.0000
5	98190000	98320000	220.9200	0.0500	0.0000
4	95280000	95530000	220.8000	0.0795	0.0000
10	81160000	81440000	220.7800	0.0210	0.0000
2	57660000	57830000	220.7600	0.0854	0.0000
22	26250000	26590000	220.7600	0.0188	0.0000
6	121700000	122700000	220.7400	0.2105	0.0000
19	6190000	6630000	220.7400	0.1223	0.0000
2	204430000	204940000	220.6800	0.0779	0.0000
13	76350000	76520000	220.6800	0.0571	0.0000
5	92850000	93040000	220.6400	0.0463	0.0000
4	6390000	7350000	220.6200	0.1031	0.0000
12	120600000	120620000	220.6200	0.0243	0.0000
10	105800000	106180000	220.5200	0.1456	0.0000
2	155530000	156150000	220.2600	0.0698	0.0000
11	19190000	19330000	220.2600	0.0633	0.0000
13	36190000	36430000	220.2400	0.0853	0.0000
11	7610000	7620000	220.2000	0.0134	0.0000
14	41380000	41410000	220.0600	0.0182	0.0000
20	12810000	13000000	220.0200	0.0626	0.0000
7	11560000	11960000	219.9600	0.0558	0.0000
17	10270000	10350000	219.9400	0.0662	0.0000
11	90540000	90800000	219.8600	0.0907	0.0000
7	84450000	84560000	219.8400	0.0332	0.0000
16	57150000	58040000	219.6600	0.1295	0.0000
12	87760000	87900000	219.6000	0.0236	0.0000
9	9210000	9600000	219.5400	0.0835	0.0000
2	137630000	138000000	219.4600	0.0545	0.0000
2	223680000	223870000	219.4400	0.0634	0.0000
4	64190000	64350000	219.4200	0.1954	0.0000
3	32680000	32840000	219.3800	0.0584	0.0000
3	260000	310000	219.3600	0.0103	0.0000
15	59360000	59440000	219.3400	0.0323	0.0000
1	194970000	195050000	219.3400	0.0269	0.0000
5	43190000	43300000	219.2600	0.0111	0.0000
3	7610000	7930000	219.1200	0.0888	0.0000
1	50350000	50640000	219.1000	0.0813	0.0000
2	8080000	8240000	219.1000	0.0777	0.0000
9	124120000	124230000	219.0800	0.0381	0.0000
2	144350000	144590000	219.0400	0.1948	0.0000
2	188360000	188760000	219.0200	0.1466	0.0000
2	205220000	205940000	218.9000	0.1184	0.0000
1	213660000	214290000	218.9000	0.0954	0.0000
4	106250000	106310000	218.8800	0.0278	0.0000
12	90970000	91220000	218.8600	0.0237	0.0000
14	39600000	39610000	218.7800	0.0147	0.0000
3	164270000	164400000	218.7400	0.1217	0.0000
8	106040000	107030000	218.6800	0.1239	0.0000
8	27760000	28260000	218.6400	0.2905	0.0000
1	187770000	188160000	218.6400	0.1049	0.0000
21	26470000	26560000	218.6400	0.0257	0.0000
2	121230000	121730000	218.6000	0.0594	0.0000
7	84820000	84950000	218.6000	0.0386	0.0000
4	167010000	167160000	218.5800	0.0914	0.0000
10	124990000	125040000	218.5800	0.0302	0.0000
9	30700000	30760000	218.5800	0.0189	0.0000
2	194050000	194440000	218.5400	0.0380	0.0000
8	47540000	47840000	218.5200	0.1286	0.0000
8	105810000	105960000	218.4400	0.1135	0.0000
21	21110000	21370000	218.4400	0.0620	0.0000
1	195640000	196070000	218.4200	0.0975	0.0000
11	114220000	114270000	218.3800	0.0482	0.0000
16	69810000	69910000	218.3800	0.0195	0.0000
8	6300000	6350000	218.3800	0.0185	0.0000
6	162380000	162810000	218.3000	0.0921	0.0000
11	76200000	76430000	218.2800	0.0974	0.0000
3	95600000	95820000	218.2800	0.0315	0.0000
14	96510000	97030000	218.2400	0.1262	0.0000
14	75770000	75900000	218.1800	0.1069	0.0000
6	100980000	101120000	218.1800	0.0450	0.0000
5	180330000	180520000	218.1800	0.0440	0.0000
2	145250000	145360000	218.1600	0.0593	0.0000
1	40930000	41320000	218.1400	0.1355	0.0000
8	82850000	82890000	218.1400	0.0179	0.0000
14	40790000	40890000	218.0600	0.0438	0.0000
1	236170000	236440000	218.0000	0.1041	0.0000
4	96130000	96390000	218.0000	0.0425	0.0000
13	37620000	37730000	217.9400	0.0623	0.0000
7	66050000	66290000	217.8800	0.0880	0.0000
12	108730000	109440000	217.8800	0.0522	0.0000
2	151960000	152130000	217.8600	0.0987	0.0000
13	27560000	28470000	217.8400	0.0716	0.0000
10	64900000	65000000	217.8400	0.0522	0.0000
10	65360000	65500000	217.8400	0.0338	0.0000
7	84250000	84370000	217.8200	0.1210	0.0000
5	171320000	171990000	217.8200	0.0740	0.0000
3	171780000	172070000	217.8000	0.0310	0.0000
14	43160000	43230000	217.7600	0.0342	0.0000
17	70880000	70890000	217.7000	0.0076	0.0000
15	42410000	42820000	217.6200	0.0606	0.0000
21	36750000	36940000	217.5800	0.0323	0.0000
1	245870000	246640000	217.5400	0.2867	0.0000
12	121270000	121510000	217.4400	0.0693	0.0000
2	183290000	183420000	217.4400	0.0553	0.0000
12	116420000	116960000	217.4200	0.0449	0.0000
2	7650000	7870000	217.3000	0.0565	0.0000
10	69770000	70680000	217.2800	0.4444	0.0000
1	162460000	162600000	217.2800	0.0142	0.0000
11	36120000	36550000	217.2600	0.0707	0.0000
2	146850000	146990000	217.2400	0.0287	0.0000
8	2640000	2820000	217.2200	0.0552	0.0000
5	151250000	151320000	217.2200	0.0267	0.0000
6	66110000	66140000	217.2200	0.0178	0.0000
12	7290000	7300000	217.2000	0.0164	0.0000
5	146700000	146920000	217.1600	0.0492	0.0000
2	140730000	140780000	217.1600	0.0474	0.0000
1	83580000	83650000	217.1400	0.0643	0.0000
13	68990000	69160000	217.1000	0.0327	0.0000
10	65140000	65320000	217.1000	0.0199	0.0000
8	89050000	89150000	217.0800	0.0817	0.0000
5	97930000	97980000	217.0600	0.0210	0.0000
1	240230000	240380000	217.0400	0.0639	0.0000
5	154250000	154420000	217.0200	0.1284	0.0000
17	52500000	53050000	217.0200	0.1258	0.0000
9	101950000	102090000	217.0200	0.0577	0.0000
3	186250000	186750000	217.0000	0.1285	0.0000
5	11260000	11460000	217.0000	0.0413	0.0000
3	103500000	103720000	217.0000	0.0333	0.0000
10	66280000	66350000	216.9800	0.0159	0.0000
6	102820000	102990000	216.9400	0.0863	0.0000
3	175860000	175890000	216.9400	0.0118	0.0000
6	48310000	48350000	216.9000	0.0198	0.0000
2	74930000	75030000	216.8800	0.0409	0.0000
1	51270000	51410000	216.8600	0.0489	0.0000
8	111030000	111070000	216.8600	0.0176	0.0000
17	35700000	36110000	216.8400	0.1861	0.0000
9	30290000	30470000	216.8400	0.0223	0.0000
5	97710000	97780000	216.8200	0.0221	0.0000
3	102970000	103020000	216.8200	0.0143	0.0000
1	203540000	204340000	216.8000	0.0805	0.0000
21	19180000	19240000	216.7600	0.0147	0.0000
2	146430000	146770000	216.7200	0.1007	0.0000
2	47190000	47460000	216.7000	0.1241	0.0000
6	94620000	94760000	216.7000	0.0406	0.0000
16	19460000	19490000	216.7000	0.0266	0.0000
16	10770000	11020000	216.6600	0.1917	0.0000
3	3390000	3550000	216.6600	0.0933	0.0000
9	31060000	31210000	216.6600	0.0558	0.0000
1	78440000	78820000	216.6400	0.0611	0.0000
22	20760000	20910000	216.6400	0.0379	0.0000
13	68420000	68460000	216.6400	0.0276	0.0000
18	70560000	70610000	216.6400	0.0130	0.0000
13	71570000	71630000	216.6200	0.0184	0.0000
8	88010000	88120000	216.6000	0.0455	0.0000
7	38000000	38070000	216.5800	0.0229	0.0000
21	30170000	30330000	216.5600	0.0411	0.0000
21	33790000	34030000	216.5400	0.0672	0.0000
7	84680000	84800000	216.5200	0.0095	0.0000
3	192470000	192740000	216.5000	0.0779	0.0000
5	107700000	108120000	216.5000	0.0401	0.0000
2	61620000	62400000	216.4800	0.0547	0.0000
11	38650000	39380000	216.4200	0.1161	0.0000
8	125750000	125830000	216.3600	0.0168	0.0000
1	155760000	155850000	216.3400	0.0370	0.0000
7	14900000	15040000	216.3400	0.0235	0.0000
8	87720000	87880000	216.3000	0.0352	0.0000
5	10480000	10560000	216.3000	0.0307	0.0000
14	41430000	42430000	216.2600	0.0989	0.0000
3	28820000	29680000	216.2600	0.0517	0.0000
1	86010000	86110000	216.2600	0.0245	0.0000
4	163660000	164100000	216.2200	0.2341	0.0000
2	230930000	231320000	216.2200	0.1401	0.0000
9	27710000	28030000	216.2200	0.0741	0.0000
3	83740000	84200000	216.2000	0.1333	0.0000
8	121880000	121980000	216.2000	0.0261	0.0000
16	85470000	85770000	216.2000	0.0092	0.0000
10	9310000	9460000	216.1800	0.0733	0.0000
12	26570000	26660000	216.1800	0.0510	0.0000
8	54030000	54190000	216.1800	0.0364	0.0000
4	96900000	97120000	216.1600	0.0646	0.0000
5	143010000	143170000	216.1400	0.0331	0.0000
1	48850000	48900000	216.1200	0.0410	0.0000
11	126050000	126610000	216.1000	0.2946	0.0000
8	13620000	13700000	216.0200	0.0618	0.0000
10	80960000	81100000	216.0200	0.0522	0.0000
13	95010000	95520000	216.0000	0.0278	0.0000
4	74470000	74960000	215.9400	0.0482	0.0000
1	70360000	70390000	215.9200	0.0337	0.0000
18	66950000	67190000	215.9000	0.0511	0.0000
18	76840000	77030000	215.8800	0.0410	0.0000
12	129180000	129220000	215.8800	0.0061	0.0000
18	12240000	13110000	215.8600	0.2796	0.0000
7	29070000	29280000	215.8600	0.0611	0.0000
3	194490000	194850000	215.8400	0.0793	0.0000
8	133650000	133700000	215.8400	0.0223	0.0000
2	185560000	185570000	215.8200	0.0087	0.0000
12	83730000	83880000	215.8000	0.1068	0.0000
5	57740000	57820000	215.8000	0.0276	0.0000
1	62320000	62690000	215.7800	0.2989	0.0000
8	55780000	55950000	215.7800	0.0393	0.0000
13	38140000	38640000	215.7600	0.1206	0.0000
7	83970000	83990000	215.7600	0.0261	0.0000
12	15070000	15570000	215.7400	0.1090	0.0000
2	144900000	144950000	215.7400	0.0539	0.0000
1	9900000	10160000	215.7400	0.0257	0.0000
12	120020000	120070000	215.7400	0.0104	0.0000
4	25250000	25330000	215.7200	0.0268	0.0000
19	29420000	29670000	215.7000	0.0686	0.0000
7	29300000	29370000	215.6800	0.0644	0.0000
15	93200000	93270000	215.6600	0.0193	0.0000
11	105580000	105860000	215.6200	0.2985	0.0000
5	159570000	160110000	215.6200	0.1369	0.0000
2	239600000	240040000	215.6200	0.1117	0.0000
9	17560000	17710000	215.6200	0.0331	0.0000
9	75730000	76090000	215.6000	0.0769	0.0000
8	76320000	76360000	215.6000	0.0247	0.0000
9	2100000	2490000	215.5800	0.0504	0.0000
18	48750000	48790000	215.5600	0.0233	0.0000
6	5030000	5600000	215.5400	0.2033	0.0000
11	130130000	130300000	215.5200	0.0853	0.0000
20	32120000	32320000	215.5200	0.0735	0.0000
2	185870000	186050000	215.5000	0.0423	0.0000
9	12150000	12250000	215.4800	0.0487	0.0000
9	136960000	137000000	215.4800	0.0444	0.0000
13	23230000	23450000	215.4800	0.0435	0.0000
18	31810000	32000000	215.4400	0.0936	0.0000
12	57160000	57450000	215.4400	0.0664	0.0000
5	143180000	143190000	215.4200	0.0205	0.0000
22	49340000	49430000	215.4000	0.0586	0.0000
7	109860000	109900000	215.3800	0.0276	0.0000
3	165050000	165120000	215.3400	0.0313	0.0000
13	64340000	64450000	215.3200	0.0264	0.0000
13	62250000	62470000	215.3000	0.0693	0.0000
1	191430000	191550000	215.2800	0.0669	0.0000
8	18910000	19330000	215.2800	0.0529	0.0000
2	36780000	36900000	215.2800	0.0129	0.0000
3	69990000	70160000	215.2400	0.0575	0.0000
12	23570000	23690000	215.2400	0.0247	0.0000
4	114520000	114820000	215.2200	0.0846	0.0000
6	36230000	36270000	215.2200	0.0386	0.0000
6	13110000	13460000	215.2000	0.1247	0.0000
1	79260000	79450000	215.1600	0.0472	0.0000
5	149920000	150500000	215.1600	0.0400	0.0000
4	184660000	184730000	215.1400	0.0680	0.0000
9	75630000	75700000	215.1400	0.0457	0.0000
14	72530000	72590000	215.1400	0.0114	0.0000
9	28680000	28920000	215.1200	0.0674	0.0000
6	68700000	68750000	215.1200	0.0448	0.0000
14	77760000	78010000	215.1000	0.0476	0.0000
11	107290000	107530000	215.0800	0.1444	0.0000
3	87100000	87140000	215.0800	0.0348	0.0000
13	101000000	101380000	215.0600	0.0826	0.0000
1	105030000	105100000	215.0400	0.0581	0.0000
3	89070000	89320000	215.0000	0.1863	0.0000
9	29810000	30140000	215.0000	0.1377	0.0000
10	66720000	67010000	215.0000	0.0419	0.0000
2	50000000	50210000	214.9800	0.0965	0.0000
4	78890000	79360000	214.9800	0.0705	0.0000
3	8080000	8090000	214.9800	0.0174	0.0000
4	91010000	91240000	214.9400	0.0934	0.0000
5	142290000	142620000	214.9400	0.0836	0.0000
20	49560000	49980000	214.8600	0.0948	0.0000
7	124990000	125180000	214.8600	0.0678	0.0000
20	20000000	20260000	214.8600	0.0671	0.0000
1	190110000	190720000	214.8400	0.1166	0.0000
16	81150000	81880000	214.8200	0.0768	0.0000
8	47180000	47320000	214.8000	0.0779	0.0000
17	53860000	54250000	214.8000	0.0745	0.0000
13	35090000	35210000	214.7400	0.0882	0.0000
3	192790000	192830000	214.7400	0.0365	0.0000
11	33040000	33090000	214.7400	0.0197	0.0000
18	22450000	22470000	214.7400	0.0187	0.0000
20	4630000	5560000	214.7200	0.2238	0.0000
7	114290000	114560000	214.7200	0.0625	0.0000
2	192340000	192550000	214.7200	0.0448	0.0000
2	194810000	194930000	214.7200	0.0408	0.0000
5	112180000	112270000	214.7200	0.0281	0.0000
5	16740000	16770000	214.7000	0.0329	0.0000
19	14650000	14730000	214.7000	0.0123	0.0000
18	65850000	65860000	214.7000	0.0059	0.0000
2	33390000	33750000	214.6800	0.1458	0.0000
4	37670000	37830000	214.6800	0.0298	0.0000
8	59110000	59610000	214.6600	0.1836	0.0000
1	98190000	98360000	214.6400	0.1166	0.0000
13	81890000	81960000	214.6400	0.0364	0.0000
18	72480000	72510000	214.6400	0.0255	0.0000
3	86290000	86320000	214.6400	0.0061	0.0000
12	122920000	122930000	214.6200	0.0161	0.0000
1	89410000	89440000	214.6200	0.0148	0.0000
1	81870000	82100000	214.6000	0.1996	0.0000
3	83390000	83440000	214.6000	0.0213	0.0000
7	70650000	70690000	214.5800	0.0429	0.0000
2	154920000	155140000	214.5800	0.0409	0.0000
6	137080000	137140000	214.5600	0.0221	0.0000
4	23110000	23350000	214.5200	0.0704	0.0000
6	63720000	63860000	214.5000	0.0463	0.0000
4	175710000	175850000	214.4800	0.0160	0.0000
5	148860000	148870000	214.4800	0.0081	0.0000
1	187210000	187300000	214.4600	0.0250	0.0000
6	154320000	155120000	214.4000	0.2569	0.0000
17	14340000	14670000	214.4000	0.1584	0.0000
5	158450000	158720000	214.4000	0.1381	0.0000
11	117140000	117510000	214.4000	0.1022	0.0000
4	31350000	31510000	214.4000	0.0715	0.0000
17	3940000	4060000	214.4000	0.0471	0.0000
2	238130000	238500000	214.4000	0.0468	0.0000
8	21970000	22530000	214.3800	0.2754	0.0000
2	36290000	36480000	214.3800	0.0564	0.0000
3	21000000	21250000	214.3600	0.0578	0.0000
4	23390000	23530000	214.3600	0.0303	0.0000
18	21980000	22190000	214.3600	0.0176	0.0000
3	50610000	50920000	214.3400	0.1073	0.0000
14	48120000	48390000	214.3400	0.1064	0.0000
7	71850000	71860000	214.3400	0.0148	0.0000
4	170930000	171190000	214.3200	0.1458	0.0000
1	42980000	43060000	214.3000	0.0901	0.0000
10	8990000	9060000	214.3000	0.0543	0.0000
7	9510000	9690000	214.3000	0.0502	0.0000
11	111710000	111830000	214.3000	0.0286	0.0000
7	84120000	84230000	214.2800	0.1271	0.0000
1	51000000	51220000	214.2800	0.0516	0.0000
3	12670000	12780000	214.2800	0.0403	0.0000
12	62920000	63020000	214.2600	0.0084	0.0000
2	51260000	51680000	214.2400	0.0679	0.0000
3	104440000	104620000	214.2400	0.0377	0.0000
7	154960000	155040000	214.2400	0.0355	0.0000
9	103330000	103860000	214.2200	0.4256	0.0000
10	1950000	2040000	214.2200	0.0917	0.0000
1	80260000	80330000	214.2200	0.0440	0.0000
13	108490000	108510000	214.2000	0.0356	0.0000
3	127480000	127670000	214.2000	0.0288	0.0000
1	81390000	81720000	214.1800	0.0571	0.0000
13	69890000	70060000	214.1800	0.0356	0.0000
3	179650000	179850000	214.1800	0.0259	0.0000
3	47440000	48140000	214.1400	0.3553	0.0000
3	190840000	190870000	214.1400	0.0306	0.0000
10	127890000	128180000	214.1000	0.0742	0.0000
20	40810000	40980000	214.1000	0.0705	0.0000
2	13750000	14010000	214.1000	0.0628	0.0000
6	7180000	7300000	214.0800	0.0667	0.0000
6	106640000	106760000	214.0600	0.0522	0.0000
7	84080000	84100000	214.0600	0.0442	0.0000
5	125870000	126000000	214.0400	0.0887	0.0000
5	129520000	129650000	214.0400	0.0271	0.0000
2	213790000	213800000	214.0400	0.0079	0.0000
13	97250000	97400000	214.0200	0.0493	0.0000
13	57220000	57470000	214.0000	0.1026	0.0000
3	192970000	193010000	214.0000	0.0340	0.0000
2	40900000	40980000	214.0000	0.0277	0.0000
16	23050000	23540000	213.9800	0.0875	0.0000
5	147720000	147840000	213.9800	0.0633	0.0000
7	70230000	70390000	213.9800	0.0430	0.0000
7	133440000	133520000	213.9600	0.0228	0.0000
8	77240000	77490000	213.9400	0.0763	0.0000
19	51010000	51620000	213.9200	0.0671	0.0000
12	73840000	74120000	213.9200	0.0358	0.0000
2	197930000	198560000	213.9000	0.1369	0.0000
10	9530000	9930000	213.8800	0.0962	0.0000
16	10440000	10650000	213.8800	0.0590	0.0000
21	38280000	38390000	213.8800	0.0540	0.0000
18	75630000	75770000	213.8800	0.0359	0.0000
3	87450000	87470000	213.8800	0.0195	0.0000
7	15680000	15690000	213.8800	0.0045	0.0000
1	117990000	118260000	213.8600	0.0474	0.0000
20	41200000	41410000	213.8600	0.0450	0.0000
2	125160000	125270000	213.8600	0.0429	0.0000
7	109460000	109770000	213.8400	0.0839	0.0000
1	179700000	179770000	213.8400	0.0648	0.0000
17	66840000	67340000	213.8200	0.1320	0.0000
4	20300000	20520000	213.8200	0.0657	0.0000
6	92640000	92780000	213.8200	0.0636	0.0000
15	52370000	52430000	213.8200	0.0294	0.0000
16	68620000	69340000	213.7800	0.2541	0.0000
3	96780000	96890000	213.7600	0.0259	0.0000
18	71750000	71820000	213.7600	0.0226	0.0000
14	58830000	58850000	213.7200	0.0114	0.0000
10	68370000	68530000	213.6600	0.1117	0.0000
10	125650000	125720000	213.6600	0.0495	0.0000
5	101270000	101370000	213.6600	0.0385	0.0000
14	42570000	42620000	213.6600	0.0254	0.0000
4	69960000	70270000	213.6400	0.0995	0.0000
4	147510000	147910000	213.6200	0.1069	0.0000
6	84100000	84190000	213.6200	0.0286	0.0000
14	21390000	21410000	213.6200	0.0249	0.0000
3	141980000	142170000	213.6200	0.0248	0.0000
3	160220000	160310000	213.6000	0.0732	0.0000
10	56030000	56430000	213.6000	0.0588	0.0000
6	108640000	108810000	213.6000	0.0392	0.0000
11	91830000	91840000	213.6000	0.0158	0.0000
13	58210000	58470000	213.5800	0.0606	0.0000
13	81230000	81290000	213.5800	0.0150	0.0000
6	94970000	95020000	213.5600	0.0415	0.0000
13	105490000	105920000	213.5200	0.2102	0.0000
8	111600000	111980000	213.5000	0.1810	0.0000
3	21430000	21640000	213.4800	0.0915	0.0000
3	127990000	128220000	213.4800	0.0597	0.0000
11	4990000	5200000	213.4600	0.0773	0.0000
1	163220000	163370000	213.4600	0.0426	0.0000
3	145630000	145750000	213.4600	0.0110	0.0000
11	7100000	7330000	213.4400	0.0701	0.0000
8	3100000	3160000	213.4400	0.0383	0.0000
7	137250000	137300000	213.4400	0.0222	0.0000
8	117500000	117520000	213.4200	0.0610	0.0000
18	64720000	65680000	213.4000	0.2298	0.0000
18	67880000	68300000	213.4000	0.0803	0.0000
21	23190000	23740000	213.3800	0.1851	0.0000
13	83200000	83600000	213.3800	0.1793	0.0000
9	102830000	103180000	213.3800	0.1092	0.0000
4	137310000	137410000	213.3800	0.0579	0.0000
9	98730000	98940000	213.3800	0.0488	0.0000
11	115480000	115570000	213.3600	0.0269	0.0000
6	65520000	65540000	213.3600	0.0114	0.0000
18	73110000	73480000	213.3400	0.0768	0.0000
8	112810000	113070000	213.3400	0.0609	0.0000
4	10020000	10090000	213.3400	0.0303	0.0000
10	101860000	102390000	213.3200	0.4585	0.0000
1	240490000	241210000	213.3200	0.0996	0.0000
3	85520000	85640000	213.3200	0.0564	0.0000
3	105450000	105530000	213.3200	0.0206	0.0000
4	94930000	95040000	213.3000	0.0358	0.0000
3	89450000	89530000	213.3000	0.0238	0.0000
22	32370000	32470000	213.3000	0.0209	0.0000
5	62480000	62520000	213.2800	0.0596	0.0000
13	90010000	90360000	213.2800	0.0446	0.0000
14	35910000	35930000	213.2600	0.0263	0.0000
7	110380000	110460000	213.2400	0.0169	0.0000
14	90010000	90570000	213.2200	0.1556	0.0000
6	71740000	71760000	213.2200	0.0215	0.0000
1	32780000	32930000	213.2000	0.1125	0.0000
9	102460000	102680000	213.2000	0.1061	0.0000
4	117440000	117600000	213.2000	0.0632	0.0000
4	164440000	164550000	213.2000	0.0539	0.0000
2	184260000	184470000	213.1800	0.1119	0.0000
1	94380000	94710000	213.1800	0.0647	0.0000
10	80090000	80140000	213.1800	0.0562	0.0000
3	330000	410000	213.1800	0.0524	0.0000
18	22260000	22310000	213.1800	0.0190	0.0000
13	100600000	100770000	213.1600	0.0561	0.0000
2	162650000	162890000	213.1600	0.0537	0.0000
6	67360000	67420000	213.1600	0.0309	0.0000
10	16480000	16810000	213.1400	0.1324	0.0000
4	117260000	117380000	213.1400	0.0279	0.0000
4	21790000	21810000	213.1400	0.0189	0.0000
2	194530000	194760000	213.1200	0.0710	0.0000
20	19250000	19300000	213.1200	0.0218	0.0000
6	168800000	168940000	213.1000	0.0628	0.0000
16	65300000	65360000	213.0800	0.0986	0.0000
7	7260000	7330000	213.0800	0.0748	0.0000
2	156930000	156990000	213.0800	0.0176	0.0000
13	86750000	87150000	213.0600	0.2293	0.0000
10	92380000	92730000	213.0600	0.0666	0.0000
1	238910000	239060000	213.0600	0.0375	0.0000
3	142720000	142820000	213.0400	0.0409	0.0000
15	46320000	46460000	213.0200	0.0738	0.0000
3	2960000	2980000	213.0200	0.0273	0.0000
1	215140000	215310000	213.0000	0.2520	0.0000
2	187570000	188090000	213.0000	0.1398	0.0000
18	72680000	72850000	212.9800	0.1258	0.0000
9	120400000	120590000	212.9800	0.1067	0.0000
19	43640000	43750000	212.9800	0.0720	0.0000
4	80070000	80130000	212.9800	0.0628	0.0000
13	92860000	93040000	212.9800	0.0365	0.0000
10	113710000	113900000	212.9600	0.0690	0.0000
20	32720000	32960000	212.9400	0.1324	0.0000
1	47170000	47640000	212.9400	0.1075	0.0000
3	66510000	66640000	212.9400	0.0723	0.0000
6	159110000	159260000	212.9400	0.0456	0.0000
11	97260000	97940000	212.9200	0.0950	0.0000
17	74280000	74520000	212.9200	0.0224	0.0000
14	92150000	92580000	212.9000	0.1691	0.0000
19	33170000	33470000	212.9000	0.0795	0.0000
18	42030000	42090000	212.9000	0.0411	0.0000
5	117530000	117640000	212.8800	0.1401	0.0000
10	121720000	122380000	212.8800	0.1111	0.0000
5	56940000	57170000	212.8800	0.0859	0.0000
2	202920000	203010000	212.8800	0.0504	0.0000
11	12020000	12130000	212.8800	0.0453	0.0000
21	20330000	20410000	212.8800	0.0268	0.0000
21	35150000	35490000	212.8600	0.1905	0.0000
1	196430000	196640000	212.8600	0.1395	0.0000
6	73250000	73310000	212.8600	0.1182	0.0000
10	116390000	116450000	212.8600	0.0406	0.0000
11	67570000	67600000	212.8600	0.0327	0.0000
20	25210000	25300000	212.8600	0.0258	0.0000
3	112740000	112900000	212.8400	0.0573	0.0000
8	47340000	47410000	212.8400	0.0467	0.0000
3	53800000	53900000	212.8400	0.0340	0.0000
12	56780000	56830000	212.8400	0.0310	0.0000
9	88240000	88260000	212.8200	0.0116	0.0000
13	48700000	48980000	212.8000	0.1628	0.0000
10	52050000	52230000	212.8000	0.0754	0.0000
3	130910000	131010000	212.8000	0.0364	0.0000
5	20350000	20400000	212.8000	0.0213	0.0000
5	19050000	19160000	212.8000	0.0159	0.0000
7	111030000	111220000	212.7800	0.0946	0.0000
10	72940000	73030000	212.7800	0.0416	0.0000
2	210530000	210630000	212.7800	0.0281	0.0000
10	22790000	22870000	212.7800	0.0277	0.0000
19	46940000	46990000	212.7800	0.0262	0.0000
5	103520000	103780000	212.7600	0.0434	0.0000
18	42300000	42550000	212.7600	0.0251	0.0000
13	69540000	69580000	212.7600	0.0189	0.0000
8	6360000	6380000	212.7600	0.0167	0.0000
10	36450000	36710000	212.7400	0.0711	0.0000
4	164590000	164640000	212.7400	0.0332	0.0000
8	31040000	31130000	212.7400	0.0165	0.0000
13	104440000	105270000	212.7200	0.0461	0.0000
2	167950000	168080000	212.7000	0.0863	0.0000
4	108790000	109150000	212.6800	0.0561	0.0000
7	107380000	107440000	212.6800	0.0391	0.0000
20	7340000	7510000	212.6800	0.0159	0.0000
1	103100000	103570000	212.6600	0.0789	0.0000
8	142680000	143210000	212.6600	0.0726	0.0000
3	36200000	36300000	212.6400	0.0706	0.0000
3	85920000	86040000	212.6400	0.0358	0.0000
11	61400000	61490000	212.6400	0.0178	0.0000
2	207060000	207460000	212.6200	0.0938	0.0000
2	206500000	206630000	212.6200	0.0298	0.0000
8	78120000	78320000	212.6000	0.1187	0.0000
22	46070000	46170000	212.6000	0.0391	0.0000
7	27640000	27720000	212.5800	0.0385	0.0000
4	180980000	181190000	212.5800	0.0308	0.0000
8	88650000	89020000	212.5600	0.0824	0.0000
9	102190000	102400000	212.5600	0.0661	0.0000
1	31550000	31570000	212.5600	0.0224	0.0000
4	180340000	180410000	212.5600	0.0215	0.0000
8	123170000	123470000	212.5400	0.1145	0.0000
10	5820000	6000000	212.5400	0.0619	0.0000
20	52000000	52090000	212.5400	0.0298	0.0000
5	142820000	142950000	212.5200	0.1397	0.0000
3	41990000	42240000	212.5200	0.1218	0.0000
2	163760000	164090000	212.5200	0.0410	0.0000
7	55870000	56030000	212.5200	0.0372	0.0000
6	67780000	67860000	212.5200	0.0196	0.0000
18	22560000	22590000	212.5200	0.0166	0.0000
3	10250000	10470000	212.5000	0.1018	0.0000
5	77150000	77290000	212.5000	0.0850	0.0000
1	14280000	14370000	212.5000	0.0678	0.0000
7	135840000	135930000	212.5000	0.0232	0.0000
1	182230000	182340000	212.5000	0.0216	0.0000
6	23030000	23100000	212.5000	0.0130	0.0000
8	125270000	125500000	212.4800	0.0963	0.0000
18	21460000	21490000	212.4800	0.0216	0.0000
6	152620000	152710000	212.4800	0.0128	0.0000
1	170890000	171120000	212.4600	0.0596	0.0000
5	54490000	54560000	212.4600	0.0472	0.0000
2	166760000	166790000	212.4600	0.0457	0.0000
8	91220000	91450000	212.4600	0.0446	0.0000
17	32900000	32940000	212.4600	0.0434	0.0000
5	32180000	32270000	212.4600	0.0291	0.0000
2	194450000	194500000	212.4600	0.0096	0.0000
7	119910000	119980000	212.4400	0.0815	0.0000
8	6410000	6610000	212.4200	0.0902	0.0000
4	149280000	149450000	212.4200	0.0659	0.0000
11	31140000	31330000	212.4000	0.0686	0.0000
7	38800000	38890000	212.4000	0.0547	0.0000
9	6800000	7270000	212.3800	0.1498	0.0000
3	137990000	138990000	212.3800	0.1241	0.0000
10	123040000	123480000	212.3800	0.0739	0.0000
2	241820000	241940000	212.3800	0.0580	0.0000
7	146380000	146830000	212.3600	0.1843	0.0000
8	104040000	104130000	212.3600	0.0480	0.0000
4	128100000	128210000	212.3400	0.0607	0.0000
6	120900000	120980000	212.3400	0.0350	0.0000
6	62620000	62730000	212.3400	0.0329	0.0000
4	42040000	42090000	212.3400	0.0147	0.0000
9	74810000	74900000	212.3200	0.0474	0.0000
4	158140000	158240000	212.3200	0.0402	0.0000
2	193070000	193150000	212.3200	0.0230	0.0000
11	96490000	96510000	212.3200	0.0116	0.0000
4	111490000	112290000	212.3000	0.1344	0.0000
1	108980000	109060000	212.3000	0.0527	0.0000
9	123340000	123820000	212.3000	0.0388	0.0000
3	172210000	172470000	212.3000	0.0337	0.0000
9	9980000	10050000	212.3000	0.0271	0.0000
15	93120000	93170000	212.2800	0.0450	0.0000
2	154130000	154220000	212.2800	0.0225	0.0000
18	51930000	52230000	212.2600	0.1627	0.0000
2	9230000	9620000	212.2600	0.1228	0.0000
8	119760000	120050000	212.2600	0.0726	0.0000
4	154240000	154340000	212.2600	0.0175	0.0000
8	63310000	63390000	212.2400	0.0553	0.0000
20	3230000	4200000	212.2200	0.4157	0.0000
18	32320000	33010000	212.2200	0.1209	0.0000
17	59090000	59200000	212.2200	0.1027	0.0000
12	9080000	9150000	212.2200	0.0649	0.0000
7	86350000	86990000	212.2200	0.0448	0.0000
3	122590000	122640000	212.2200	0.0159	0.0000
5	169640000	169780000	212.2000	0.0491	0.0000
7	73450000	73460000	212.2000	0.0210	0.0000
15	61820000	61840000	212.2000	0.0204	0.0000
3	173860000	173970000	212.1800	0.0274	0.0000
6	56350000	56440000	212.1800	0.0188	0.0000
3	1900000	2420000	212.1600	0.0945	0.0000
1	78940000	79220000	212.1600	0.0439	0.0000
21	29610000	29690000	212.1400	0.0184	0.0000
4	178020000	178310000	212.1200	0.1422	0.0000
3	177210000	177380000	212.1200	0.0624	0.0000
18	71860000	71880000	212.1200	0.0134	0.0000
21	45100000	45310000	212.1000	0.0597	0.0000
11	36680000	36750000	212.1000	0.0509	0.0000
11	113800000	113830000	212.1000	0.0187	0.0000
8	73290000	73990000	212.0800	0.1031	0.0000
3	143550000	143590000	212.0800	0.0329	0.0000
11	22530000	23310000	212.0600	0.1942	0.0000
6	17740000	18350000	212.0600	0.0769	0.0000
3	11290000	11480000	212.0600	0.0515	0.0000
3	175320000	175710000	212.0400	0.1960	0.0000
1	57280000	57510000	212.0400	0.1265	0.0000
21	20880000	21080000	212.0400	0.0599	0.0000
20	35980000	36460000	212.0400	0.0306	0.0000
7	106280000	106650000	212.0200	0.1009	0.0000
9	136210000	136820000	212.0200	0.0465	0.0000
10	30440000	30520000	212.0200	0.0425	0.0000
3	44340000	44400000	212.0200	0.0379	0.0000
9	92630000	92680000	212.0200	0.0317	0.0000
2	166800000	166850000	212.0200	0.0299	0.0000
10	52820000	52830000	212.0200	0.0255	0.0000
3	131680000	132090000	212.0000	0.0567	0.0000
1	20230000	21070000	212.0000	0.0515	0.0000
1	209790000	209810000	212.0000	0.0392	0.0000
4	164150000	164190000	212.0000	0.0389	0.0000
12	63480000	63510000	212.0000	0.0115	0.0000
3	183710000	184090000	211.9800	0.0682	0.0000
1	63280000	63500000	211.9800	0.0437	0.0000
4	121340000	121390000	211.9800	0.0295	0.0000
14	40170000	40190000	211.9800	0.0093	0.0000
12	46040000	46150000	211.9600	0.0607	0.0000
1	107810000	107880000	211.9600	0.0323	0.0000
9	116800000	116810000	211.9600	0.0042	0.0000
10	99920000	100040000	211.9400	0.0451	0.0000
16	75140000	75370000	211.9200	0.0644	0.0000
7	69610000	70070000	211.9000	0.1435	0.0000
1	238070000	238550000	211.9000	0.1262	0.0000
3	65530000	65630000	211.9000	0.0457	0.0000
5	107410000	107560000	211.9000	0.0309	0.0000
3	196010000	196130000	211.8800	0.0740	0.0000
11	106490000	106680000	211.8800	0.0597	0.0000
12	27590000	27680000	211.8800	0.0543	0.0000
9	34420000	34560000	211.8800	0.0479	0.0000
5	135880000	135900000	211.8800	0.0477	0.0000
4	4320000	4460000	211.8800	0.0450	0.0000
6	54560000	54680000	211.8800	0.0421	0.0000
9	33930000	33950000	211.8800	0.0262	0.0000
9	101570000	101710000	211.8600	0.0755	0.0000
5	23830000	23900000	211.8600	0.0485	0.0000
3	192890000	192920000	211.8600	0.0250	0.0000
13	67770000	67780000	211.8600	0.0149	0.0000
15	93560000	93630000	211.8400	0.0481	0.0000
14	42900000	42970000	211.8400	0.0376	0.0000
1	189510000	189650000	211.8200	0.0370	0.0000
2	198640000	198720000	211.8200	0.0344	0.0000
10	81750000	81820000	211.8200	0.0276	0.0000
14	41010000	41110000	211.8000	0.0526	0.0000
13	89650000	89760000	211.8000	0.0522	0.0000
9	9660000	9720000	211.8000	0.0178	0.0000
6	103010000	103290000	211.7800	0.1247	0.0000
3	84890000	85100000	211.7800	0.0319	0.0000
2	40600000	40650000	211.7800	0.0197	0.0000
21	26680000	26740000	211.7800	0.0167	0.0000
2	182220000	182240000	211.7800	0.0091	0.0000
12	72330000	72490000	211.7600	0.0654	0.0000
5	23060000	23080000	211.7600	0.0197	0.0000
18	44490000	44740000	211.7400	0.1978	0.0000
4	124690000	125090000	211.7400	0.1076	0.0000
2	45400000	45520000	211.7400	0.0610	0.0000
14	32490000	32570000	211.7200	0.0575	0.0000
8	87110000	87140000	211.7200	0.0134	0.0000
8	31000000	31010000	211.7200	0.0095	0.0000
8	121170000	121860000	211.7000	0.2990	0.0000
15	101000000	101070000	211.7000	0.0470	0.0000
7	116430000	116560000	211.7000	0.0435	0.0000
2	122600000	122710000	211.7000	0.0427	0.0000
4	65450000	65560000	211.7000	0.0422	0.0000
12	130890000	130910000	211.7000	0.0153	0.0000
16	2730000	2870000	211.6800	0.0610	0.0000
14	40560000	40630000	211.6800	0.0092	0.0000
16	31340000	31460000	211.6600	0.0837	0.0000
2	59810000	59910000	211.6600	0.0612	0.0000
7	137820000	137980000	211.6600	0.0434	0.0000
14	48890000	49030000	211.6600	0.0384	0.0000
10	7290000	7370000	211.6600	0.0257	0.0000
5	72020000	72300000	211.6400	0.1401	0.0000
9	8490000	9000000	211.6400	0.0594	0.0000
11	98630000	98770000	211.6400	0.0392	0.0000
4	69600000	69650000	211.6400	0.0204	0.0000
4	70510000	70540000	211.6400	0.0082	0.0000
16	76550000	76820000	211.6000	0.1929	0.0000
3	26050000	26190000	211.6000	0.0570	0.0000
3	155550000	155580000	211.6000	0.0514	0.0000
6	69150000	69310000	211.6000	0.0481	0.0000
1	180790000	180830000	211.6000	0.0377	0.0000
5	51570000	51840000	211.6000	0.0365	0.0000
9	24960000	25040000	211.6000	0.0336	0.0000
12	13100000	13180000	211.6000	0.0335	0.0000
8	18860000	18880000	211.6000	0.0075	0.0000
19	40340000	40560000	211.5800	0.0671	0.0000
9	26290000	26360000	211.5800	0.0594	0.0000
16	24080000	24230000	211.5800	0.0493	0.0000
6	41240000	41520000	211.5800	0.0328	0.0000
13	57100000	57130000	211.5600	0.0168	0.0000
4	116000000	116210000	211.5600	0.0145	0.0000
12	124160000	124940000	211.5400	0.1990	0.0000
1	214730000	214890000	211.5400	0.0501	0.0000
9	86730000	87390000	211.5200	0.1709	0.0000
1	154470000	154580000	211.5200	0.0547	0.0000
21	46180000	46440000	211.5000	0.1069	0.0000
6	155710000	155900000	211.5000	0.0643	0.0000
6	78340000	78500000	211.5000	0.0535	0.0000
9	28350000	28460000	211.5000	0.0458	0.0000
10	81490000	81590000	211.5000	0.0410	0.0000
20	17530000	18030000	211.4800	0.2709	0.0000
13	27030000	27530000	211.4800	0.1077	0.0000
11	39970000	40100000	211.4800	0.0631	0.0000
22	21680000	21800000	211.4800	0.0460	0.0000
15	87040000	87210000	211.4800	0.0393	0.0000
4	164730000	165160000	211.4600	0.1823	0.0000
5	129290000	129390000	211.4600	0.0825	0.0000
3	191470000	191550000	211.4600	0.0392	0.0000
5	78090000	78120000	211.4600	0.0385	0.0000
1	45530000	45580000	211.4600	0.0202	0.0000
18	270000	860000	211.4400	0.2365	0.0000
19	47510000	47600000	211.4400	0.0359	0.0000
10	13240000	13270000	211.4400	0.0337	0.0000
8	31200000	31230000	211.4400	0.0273	0.0000
21	24250000	24920000	211.4200	0.1587	0.0000
6	119900000	120180000	211.4200	0.0374	0.0000
3	96490000	96570000	211.4200	0.0298	0.0000
9	135650000	136000000	211.4000	0.0820	0.0000
3	163380000	163710000	211.4000	0.0753	0.0000
7	159130000	159220000	211.4000	0.0421	0.0000
11	108790000	108840000	211.4000	0.0420	0.0000
13	70880000	71050000	211.4000	0.0283	0.0000
5	169830000	169970000	211.3800	0.1089	0.0000
4	129770000	129850000	211.3800	0.0410	0.0000
6	105310000	105390000	211.3800	0.0320	0.0000
8	82440000	82640000	211.3600	0.1541	0.0000
8	83520000	83840000	211.3600	0.1027	0.0000
7	152470000	152750000	211.3600	0.0817	0.0000
10	56750000	56870000	211.3600	0.0385	0.0000
3	147970000	148080000	211.3600	0.0357	0.0000
1	247920000	247990000	211.3600	0.0280	0.0000
10	108840000	108850000	211.3600	0.0137	0.0000
6	13720000	14270000	211.3400	0.0984	0.0000
2	34110000	34630000	211.3400	0.0432	0.0000
5	53850000	54200000	211.3200	0.0257	0.0000
8	97700000	97850000	211.3000	0.1063	0.0000
6	123070000	123450000	211.3000	0.0884	0.0000
4	181510000	181590000	211.3000	0.0411	0.0000
7	23140000	23240000	211.3000	0.0293	0.0000
1	73880000	74420000	211.3000	0.0286	0.0000
7	120060000	120220000	211.3000	0.0249	0.0000
4	36600000	36930000	211.2800	0.1619	0.0000
16	56540000	56850000	211.2800	0.0734	0.0000
3	88210000	88440000	211.2800	0.0627	0.0000
21	29970000	30070000	211.2800	0.0626	0.0000
12	3660000	3730000	211.2800	0.0559	0.0000
1	191180000	191270000	211.2800	0.0209	0.0000
4	3220000	3510000	211.2600	0.1306	0.0000
1	151670000	151810000	211.2600	0.0955	0.0000
19	32120000	32560000	211.2600	0.0855	0.0000
6	97700000	98010000	211.2600	0.0654	0.0000
4	134880000	134940000	211.2600	0.0372	0.0000
3	49960000	50070000	211.2600	0.0282	0.0000
14	47120000	47340000	211.2600	0.0205	0.0000
17	81890000	82010000	211.2400	0.0605	0.0000
7	6680000	6690000	211.2400	0.0178	0.0000
7	34280000	34320000	211.2400	0.0141	0.0000
7	80040000	80100000	211.2400	0.0139	0.0000
11	45720000	46090000	211.2200	0.1430	0.0000
5	83450000	83580000	211.2200	0.0581	0.0000
2	20540000	20670000	211.2200	0.0305	0.0000
6	152550000	152590000	211.2200	0.0240	0.0000
13	58620000	58670000	211.2000	0.0136	0.0000
7	132780000	133180000	211.1800	0.1247	0.0000
1	160840000	160910000	211.1800	0.0667	0.0000
5	10660000	10840000	211.1800	0.0631	0.0000
13	104050000	104340000	211.1800	0.0624	0.0000
3	176170000	176290000	211.1800	0.0547	0.0000
4	40010000	40030000	211.1800	0.0242	0.0000
14	32620000	32810000	211.1800	0.0181	0.0000
4	135180000	135340000	211.1600	0.0651	0.0000
13	67170000	67390000	211.1600	0.0510	0.0000
6	65640000	66100000	211.1600	0.0329	0.0000
15	76150000	76260000	211.1600	0.0266	0.0000
4	44010000	44040000	211.1600	0.0151	0.0000
14	51910000	51940000	211.1400	0.0418	0.0000
7	84000000	84050000	211.1400	0.0392	0.0000
13	66560000	66630000	211.1400	0.0325	0.0000
4	20550000	20610000	211.1400	0.0180	0.0000
2	169660000	169680000	211.1400	0.0094	0.0000
13	66800000	66820000	211.1200	0.0247	0.0000
10	71340000	71450000	211.1000	0.0386	0.0000
3	102860000	102920000	211.1000	0.0338	0.0000
5	164950000	164970000	211.1000	0.0211	0.0000
19	47680000	47710000	211.1000	0.0175	0.0000
5	16550000	16560000	211.1000	0.0145	0.0000
6	153570000	153610000	211.1000	0.0094	0.0000
20	53140000	53200000	211.0800	0.0399	0.0000
5	86110000	86220000	211.0800	0.0374	0.0000
7	84990000	85040000	211.0800	0.0317	0.0000
21	34560000	34580000	211.0800	0.0153	0.0000
12	18900000	19600000	211.0600	0.3891	0.0000
8	18350000	18830000	211.0600	0.0872	0.0000
5	98470000	98710000	211.0600	0.0605	0.0000
2	42880000	42970000	211.0600	0.0479	0.0000
4	155520000	155580000	211.0600	0.0222	0.0000
2	59180000	59270000	211.0600	0.0219	0.0000
4	15470000	15650000	211.0400	0.0791	0.0000
20	23860000	23920000	211.0400	0.0640	0.0000
18	66630000	66730000	211.0400	0.0557	0.0000
4	60080000	60260000	211.0400	0.0213	0.0000
4	95570000	95660000	211.0200	0.0637	0.0000
7	125440000	125600000	211.0200	0.0446	0.0000
1	36010000	36110000	211.0200	0.0200	0.0000
10	51880000	51910000	211.0000	0.0392	0.0000
1	24770000	24830000	211.0000	0.0313	0.0000
1	171440000	171470000	211.0000	0.0195	0.0000
20	52780000	53090000	210.9800	0.1312	0.0000
17	83010000	83170000	210.9800	0.0908	0.0000
9	13650000	13860000	210.9800	0.0784	0.0000
18	36630000	36900000	210.9800	0.0535	0.0000
8	100860000	100910000	210.9800	0.0448	0.0000
2	69380000	69440000	210.9800	0.0418	0.0000
9	29300000	29450000	210.9800	0.0332	0.0000
19	10340000	10360000	210.9800	0.0072	0.0000
7	135060000	135470000	210.9600	0.0847	0.0000
18	9350000	9570000	210.9600	0.0815	0.0000
9	37870000	37960000	210.9600	0.0351	0.0000
12	28110000	28190000	210.9600	0.0343	0.0000
7	49910000	49990000	210.9600	0.0294	0.0000
3	126370000	126460000	210.9600	0.0202	0.0000
14	38330000	38780000	210.9400	0.1346	0.0000
4	11630000	11770000	210.9200	0.0507	0.0000
13	102710000	102760000	210.9200	0.0323	0.0000
13	69670000	69760000	210.9000	0.0948	0.0000
5	61250000	61270000	210.9000	0.0106	0.0000
12	20410000	20440000	210.9000	0.0084	0.0000
10	3000000	3670000	210.8800	0.1068	0.0000
5	122090000	122150000	210.8800	0.0514	0.0000
2	22870000	22950000	210.8800	0.0400	0.0000
2	9650000	9690000	210.8800	0.0384	0.0000
2	210990000	211020000	210.8800	0.0247	0.0000
13	84720000	84870000	210.8600	0.0828	0.0000
11	14010000	14090000	210.8600	0.0515	0.0000
1	194670000	194720000	210.8600	0.0212	0.0000
4	167690000	167780000	210.8600	0.0176	0.0000
20	48520000	48890000	210.8400	0.1300	0.0000
11	46620000	46990000	210.8400	0.0692	0.0000
20	10530000	10670000	210.8200	0.1066	0.0000
4	160900000	161010000	210.8200	0.0864	0.0000
2	187000000	187170000	210.8200	0.0612	0.0000
2	214030000	214160000	210.8200	0.0432	0.0000
5	98030000	98090000	210.8200	0.0363	0.0000
16	3910000	4030000	210.8200	0.0241	0.0000
7	35570000	35610000	210.8200	0.0183	0.0000
5	114420000	114450000	210.8200	0.0174	0.0000
17	5340000	5410000	210.8000	0.1158	0.0000
1	157670000	157840000	210.8000	0.0603	0.0000
7	44670000	44800000	210.8000	0.0459	0.0000
12	8590000	8730000	210.8000	0.0452	0.0000
4	188820000	188860000	210.8000	0.0313	0.0000
2	62820000	62960000	210.8000	0.0256	0.0000
9	26840000	27080000	210.7800	0.2075	0.0000
2	110680000	110930000	210.7800	0.1529	0.0000
21	21600000	21810000	210.7800	0.0738	0.0000
14	93220000	93410000	210.7800	0.0737	0.0000
1	39840000	39940000	210.7800	0.0689	0.0000
1	7860000	7950000	210.7800	0.0581	0.0000
4	137770000	137930000	210.7800	0.0364	0.0000
2	135020000	135050000	210.7800	0.0137	0.0000
22	19140000	20030000	210.7600	0.1413	0.0000
6	93270000	93380000	210.7600	0.1272	0.0000
7	102020000	102300000	210.7600	0.1129	0.0000
13	64550000	64720000	210.7600	0.0734	0.0000
8	87430000	87550000	210.7600	0.0487	0.0000
10	110420000	110500000	210.7400	0.0677	0.0000
14	100400000	100660000	210.7400	0.0663	0.0000
2	97720000	98410000	210.7400	0.0420	0.0000
6	68920000	68950000	210.7400	0.0114	0.0000
20	34410000	34640000	210.7200	0.1618	0.0000
21	20120000	20230000	210.7200	0.0379	0.0000
2	52800000	52990000	210.7200	0.0339	0.0000
22	29630000	29660000	210.7200	0.0182	0.0000
18	75140000	75190000	210.7200	0.0146	0.0000
7	108860000	109290000	210.7000	0.1118	0.0000
1	79570000	79900000	210.7000	0.1028	0.0000
3	145040000	145250000	210.7000	0.0733	0.0000
4	101370000	101450000	210.7000	0.0361	0.0000
4	44350000	44420000	210.7000	0.0346	0.0000
8	88590000	88650000	210.7000	0.0121	0.0000
12	16520000	16720000	210.6800	0.1009	0.0000
6	116030000	116130000	210.6800	0.0403	0.0000
11	96560000	96700000	210.6600	0.0647	0.0000
4	155130000	155230000	210.6600	0.0326	0.0000
8	113200000	113420000	210.6600	0.0311	0.0000
2	140780000	140870000	210.6600	0.0304	0.0000
6	35520000	35550000	210.6600	0.0279	0.0000
14	56490000	56570000	210.6600	0.0270	0.0000
5	58210000	58280000	210.6600	0.0245	0.0000
20	18970000	18980000	210.6600	0.0163	0.0000
13	107930000	107990000	210.6600	0.0146	0.0000
1	50690000	50930000	210.6400	0.1125	0.0000
4	93230000	93430000	210.6400	0.0938	0.0000
2	83230000	83360000	210.6400	0.0775	0.0000
18	24470000	24540000	210.6400	0.0390	0.0000
9	34270000	34300000	210.6400	0.0314	0.0000
3	162680000	162700000	210.6400	0.0121	0.0000
6	103940000	104180000	210.6200	0.0535	0.0000
8	32520000	32690000	210.6200	0.0117	0.0000
15	50430000	50880000	210.6000	0.0949	0.0000
1	83540000	83570000	210.6000	0.0271	0.0000
2	159260000	159310000	210.6000	0.0254	0.0000
9	128920000	129080000	210.5800	0.1717	0.0000
5	30650000	30800000	210.5800	0.1144	0.0000
12	112180000	112370000	210.5800	0.0689	0.0000
1	2120000	2210000	210.5800	0.0529	0.0000
5	31450000	31480000	210.5800	0.0147	0.0000
4	72390000	72400000	210.5800	0.0143	0.0000
12	124960000	125300000	210.5600	0.0308	0.0000
5	120730000	120770000	210.5600	0.0280	0.0000
8	10500000	10530000	210.5600	0.0257	0.0000
8	117090000	117120000	210.5600	0.0199	0.0000
21	15970000	16090000	210.5400	0.0667	0.0000
3	99400000	99620000	210.5400	0.0636	0.0000
13	68570000	68820000	210.5400	0.0457	0.0000
18	58300000	58350000	210.5400	0.0342	0.0000
17	63210000	63290000	210.5400	0.0341	0.0000
6	67130000	67190000	210.5400	0.0315	0.0000
3	191040000	191180000	210.5400	0.0294	0.0000
1	180120000	180250000	210.5400	0.0237	0.0000
2	179130000	179150000	210.5400	0.0190	0.0000
13	56500000	56530000	210.5400	0.0142	0.0000
17	20050000	20110000	210.5200	0.0680	0.0000
5	73470000	73750000	210.5200	0.0656	0.0000
11	26270000	26340000	210.5200	0.0492	0.0000
11	82430000	82510000	210.5200	0.0319	0.0000
3	58150000	58670000	210.5200	0.0305	0.0000
17	19300000	19550000	210.5200	0.0261	0.0000
1	6670000	6700000	210.5200	0.0066	0.0000
7	2580000	2660000	210.5000	0.0746	0.0000
6	49260000	49720000	210.5000	0.0728	0.0000
3	97200000	97700000	210.5000	0.0677	0.0000
2	48560000	48630000	210.5000	0.0419	0.0000
1	20000000	20070000	210.5000	0.0225	0.0000
12	69360000	69380000	210.5000	0.0093	0.0000
7	79680000	79700000	210.4800	0.0127	0.0000
3	20070000	20100000	210.4800	0.0102	0.0000
2	237760000	237950000	210.4600	0.0724	0.0000
16	71980000	72100000	210.4600	0.0454	0.0000
4	66770000	66790000	210.4600	0.0121	0.0000
6	87030000	87150000	210.4400	0.0473	0.0000
17	73250000	73300000	210.4400	0.0336	0.0000
13	109550000	109620000	210.4400	0.0258	0.0000
12	24800000	25000000	210.4400	0.0246	0.0000
17	82770000	82800000	210.4400	0.0210	0.0000
2	116620000	116650000	210.4400	0.0148	0.0000
3	45980000	45990000	210.4400	0.0103	0.0000
2	154480000	154780000	210.4200	0.0765	0.0000
3	136030000	136120000	210.4200	0.0498	0.0000
4	90890000	90910000	210.4200	0.0283	0.0000
8	21710000	21770000	210.4200	0.0160	0.0000
14	60190000	60230000	210.4200	0.0152	0.0000
9	124230000	124430000	210.4000	0.1070	0.0000
15	39470000	39620000	210.4000	0.0629	0.0000
7	11210000	11470000	210.4000	0.0332	0.0000
11	115110000	115230000	210.4000	0.0264	0.0000
6	150120000	150710000	210.3800	0.1545	0.0000
2	172730000	172950000	210.3800	0.0771	0.0000
21	20640000	20780000	210.3800	0.0461	0.0000
4	92600000	92700000	210.3800	0.0431	0.0000
3	440000	550000	210.3600	0.1150	0.0000
1	71690000	72020000	210.3600	0.0511	0.0000
6	8490000	8670000	210.3600	0.0483	0.0000
4	138240000	138330000	210.3600	0.0293	0.0000
7	98010000	98810000	210.3400	0.1865	0.0000
2	144750000	144900000	210.3400	0.0571	0.0000
18	35510000	35560000	210.3400	0.0288	0.0000
8	105680000	105700000	210.3400	0.0230	0.0000
